[    0.000000] Linux version 5.4.144-io-pass+ (root@fvm) (gcc version 7.5.0 (Ubuntu 7.5.0-6ubuntu2)) #24 SMP Fri Mar 14 07:48:20 UTC 2025
[    0.000000] Command line: BOOT_IMAGE=/boot/vmlinuz-5.4.144-io-pass+ root=UUID=66add23f-3d34-46f1-a540-ebfdd268827e ro ip=dhcp console=ttyS0,115200 console=tty console=ttyS0 text
[    0.000000] KERNEL supported cpus:
[    0.000000]   Intel GenuineIntel
[    0.000000]   AMD AuthenticAMD
[    0.000000]   Hygon HygonGenuine
[    0.000000]   Centaur CentaurHauls
[    0.000000]   zhaoxin   Shanghai  
[    0.000000] x86/fpu: Supporting XSAVE feature 0x001: 'x87 floating point registers'
[    0.000000] x86/fpu: Supporting XSAVE feature 0x002: 'SSE registers'
[    0.000000] x86/fpu: Supporting XSAVE feature 0x004: 'AVX registers'
[    0.000000] x86/fpu: Supporting XSAVE feature 0x008: 'MPX bounds registers'
[    0.000000] x86/fpu: Supporting XSAVE feature 0x010: 'MPX CSR'
[    0.000000] x86/fpu: Supporting XSAVE feature 0x020: 'AVX-512 opmask'
[    0.000000] x86/fpu: Supporting XSAVE feature 0x040: 'AVX-512 Hi256'
[    0.000000] x86/fpu: Supporting XSAVE feature 0x080: 'AVX-512 ZMM_Hi256'
[    0.000000] x86/fpu: xstate_offset[2]:  576, xstate_sizes[2]:  256
[    0.000000] x86/fpu: xstate_offset[3]:  832, xstate_sizes[3]:   64
[    0.000000] x86/fpu: xstate_offset[4]:  896, xstate_sizes[4]:   64
[    0.000000] x86/fpu: xstate_offset[5]:  960, xstate_sizes[5]:   64
[    0.000000] x86/fpu: xstate_offset[6]: 1024, xstate_sizes[6]:  512
[    0.000000] x86/fpu: xstate_offset[7]: 1536, xstate_sizes[7]: 1024
[    0.000000] x86/fpu: Enabled xstate features 0xff, context size is 2560 bytes, using 'compacted' format.
[    0.000000] BIOS-provided physical RAM map:
[    0.000000] BIOS-e820: [mem 0x0000000000000000-0x000000000009fbff] usable
[    0.000000] BIOS-e820: [mem 0x000000000009fc00-0x000000000009ffff] reserved
[    0.000000] BIOS-e820: [mem 0x00000000000f0000-0x00000000000fffff] reserved
[    0.000000] BIOS-e820: [mem 0x0000000000100000-0x00000000bffd4fff] usable
[    0.000000] BIOS-e820: [mem 0x00000000bffd5000-0x00000000bfffffff] reserved
[    0.000000] BIOS-e820: [mem 0x00000000feffc000-0x00000000feffffff] reserved
[    0.000000] BIOS-e820: [mem 0x00000000fffc0000-0x00000000ffffffff] reserved
[    0.000000] BIOS-e820: [mem 0x0000000100000000-0x000000043fffffff] usable
[    0.000000] NX (Execute Disable) protection: active
[    0.000000] SMBIOS 2.8 present.
[    0.000000] DMI: QEMU Standard PC (i440FX + PIIX, 1996), BIOS rel-1.16.0-0-gd239552ce722-prebuilt.qemu.org 04/01/2014
[    0.000000] Hypervisor detected: KVM
[    0.000000] kvm-clock: Using msrs 4b564d01 and 4b564d00
[    0.000000] kvm-clock: cpu 0, msr 20ae01001, primary cpu clock
[    0.000000] kvm-clock: using sched offset of 9928078760 cycles
[    0.000001] clocksource: kvm-clock: mask: 0xffffffffffffffff max_cycles: 0x1cd42e4dffb, max_idle_ns: 881590591483 ns
[    0.000003] tsc: Detected 3503.998 MHz processor
[    0.001475] e820: update [mem 0x00000000-0x00000fff] usable ==> reserved
[    0.001476] e820: remove [mem 0x000a0000-0x000fffff] usable
[    0.001478] last_pfn = 0x440000 max_arch_pfn = 0x400000000
[    0.001503] MTRR default type: write-back
[    0.001503] MTRR fixed ranges enabled:
[    0.001504]   00000-9FFFF write-back
[    0.001505]   A0000-BFFFF uncachable
[    0.001505]   C0000-FFFFF write-protect
[    0.001505] MTRR variable ranges enabled:
[    0.001506]   0 base 0000C0000000 mask 3FFFC0000000 uncachable
[    0.001507]   1 disabled
[    0.001507]   2 disabled
[    0.001507]   3 disabled
[    0.001507]   4 disabled
[    0.001508]   5 disabled
[    0.001508]   6 disabled
[    0.001508]   7 disabled
[    0.001515] x86/PAT: Configuration [0-7]: WB  WC  UC- UC  WB  WP  UC- WT  
[    0.001521] last_pfn = 0xbffd5 max_arch_pfn = 0x400000000
[    0.006729] found SMP MP-table at [mem 0x000f5b90-0x000f5b9f]
[    0.006806] check: Scanning 1 areas for low memory corruption
[    0.006852] Using GB pages for direct mapping
[    0.006969] RAMDISK: [mem 0x2d38d000-0x329bdfff]
[    0.006974] ACPI: Early table checksum verification disabled
[    0.006977] ACPI: RSDP 0x00000000000F5990 000014 (v00 BOCHS )
[    0.006979] ACPI: RSDT 0x00000000BFFE1E93 000034 (v01 BOCHS  BXPC     00000001 BXPC 00000001)
[    0.006984] ACPI: FACP 0x00000000BFFE1CCF 000074 (v01 BOCHS  BXPC     00000001 BXPC 00000001)
[    0.006991] ACPI: DSDT 0x00000000BFFE0040 001C8F (v01 BOCHS  BXPC     00000001 BXPC 00000001)
[    0.006994] ACPI: FACS 0x00000000BFFE0000 000040
[    0.006996] ACPI: APIC 0x00000000BFFE1D43 0000F0 (v01 BOCHS  BXPC     00000001 BXPC 00000001)
[    0.006998] ACPI: HPET 0x00000000BFFE1E33 000038 (v01 BOCHS  BXPC     00000001 BXPC 00000001)
[    0.007000] ACPI: WAET 0x00000000BFFE1E6B 000028 (v01 BOCHS  BXPC     00000001 BXPC 00000001)
[    0.007002] ACPI: Reserving FACP table memory at [mem 0xbffe1ccf-0xbffe1d42]
[    0.007003] ACPI: Reserving DSDT table memory at [mem 0xbffe0040-0xbffe1cce]
[    0.007003] ACPI: Reserving FACS table memory at [mem 0xbffe0000-0xbffe003f]
[    0.007004] ACPI: Reserving APIC table memory at [mem 0xbffe1d43-0xbffe1e32]
[    0.007004] ACPI: Reserving HPET table memory at [mem 0xbffe1e33-0xbffe1e6a]
[    0.007005] ACPI: Reserving WAET table memory at [mem 0xbffe1e6b-0xbffe1e92]
[    0.007023] ACPI: Local APIC address 0xfee00000
[    0.007328] No NUMA configuration found
[    0.007329] Faking a node at [mem 0x0000000000000000-0x000000043fffffff]
[    0.007335] NODE_DATA(0) allocated [mem 0x43ffd5000-0x43fffffff]
[    0.007891] Zone ranges:
[    0.007892]   DMA      [mem 0x0000000000001000-0x0000000000ffffff]
[    0.007893]   DMA32    [mem 0x0000000001000000-0x00000000ffffffff]
[    0.007893]   Normal   [mem 0x0000000100000000-0x000000043fffffff]
[    0.007894]   Device   empty
[    0.007895] Movable zone start for each node
[    0.007896] Early memory node ranges
[    0.007897]   node   0: [mem 0x0000000000001000-0x000000000009efff]
[    0.007898]   node   0: [mem 0x0000000000100000-0x00000000bffd4fff]
[    0.007898]   node   0: [mem 0x0000000100000000-0x000000043fffffff]
[    0.008308] Zeroed struct page in unavailable ranges: 141 pages
[    0.008309] Initmem setup node 0 [mem 0x0000000000001000-0x000000043fffffff]
[    0.008310] On node 0 totalpages: 4194163
[    0.008311]   DMA zone: 64 pages used for memmap
[    0.008311]   DMA zone: 21 pages reserved
[    0.008312]   DMA zone: 3998 pages, LIFO batch:0
[    0.008346]   DMA32 zone: 12224 pages used for memmap
[    0.008346]   DMA32 zone: 782293 pages, LIFO batch:63
[    0.020066]   Normal zone: 53248 pages used for memmap
[    0.020068]   Normal zone: 3407872 pages, LIFO batch:63
[    0.069536] ACPI: PM-Timer IO Port: 0x608
[    0.069542] ACPI: Local APIC address 0xfee00000
[    0.069556] ACPI: LAPIC_NMI (acpi_id[0xff] dfl dfl lint[0x1])
[    0.069591] IOAPIC[0]: apic_id 0, version 17, address 0xfec00000, GSI 0-23
[    0.069593] ACPI: INT_SRC_OVR (bus 0 bus_irq 0 global_irq 2 dfl dfl)
[    0.069595] ACPI: INT_SRC_OVR (bus 0 bus_irq 5 global_irq 5 high level)
[    0.069595] ACPI: INT_SRC_OVR (bus 0 bus_irq 9 global_irq 9 high level)
[    0.069597] ACPI: INT_SRC_OVR (bus 0 bus_irq 10 global_irq 10 high level)
[    0.069597] ACPI: INT_SRC_OVR (bus 0 bus_irq 11 global_irq 11 high level)
[    0.069598] ACPI: IRQ0 used by override.
[    0.069599] ACPI: IRQ5 used by override.
[    0.069599] ACPI: IRQ9 used by override.
[    0.069599] ACPI: IRQ10 used by override.
[    0.069600] ACPI: IRQ11 used by override.
[    0.069601] Using ACPI (MADT) for SMP configuration information
[    0.069602] ACPI: HPET id: 0x8086a201 base: 0xfed00000
[    0.069607] TSC deadline timer available
[    0.069608] smpboot: Allowing 16 CPUs, 0 hotplug CPUs
[    0.069622] KVM setup pv sched yield
[    0.069633] PM: Registered nosave memory: [mem 0x00000000-0x00000fff]
[    0.069634] PM: Registered nosave memory: [mem 0x0009f000-0x0009ffff]
[    0.069636] PM: Registered nosave memory: [mem 0x000a0000-0x000effff]
[    0.069637] PM: Registered nosave memory: [mem 0x000f0000-0x000fffff]
[    0.069638] PM: Registered nosave memory: [mem 0xbffd5000-0xbfffffff]
[    0.069639] PM: Registered nosave memory: [mem 0xc0000000-0xfeffbfff]
[    0.069640] PM: Registered nosave memory: [mem 0xfeffc000-0xfeffffff]
[    0.069641] PM: Registered nosave memory: [mem 0xff000000-0xfffbffff]
[    0.069642] PM: Registered nosave memory: [mem 0xfffc0000-0xffffffff]
[    0.069644] [mem 0xc0000000-0xfeffbfff] available for PCI devices
[    0.069645] Booting paravirtualized kernel on KVM
[    0.069649] clocksource: refined-jiffies: mask: 0xffffffff max_cycles: 0xffffffff, max_idle_ns: 7645519600211568 ns
[    0.069655] setup_percpu: NR_CPUS:8192 nr_cpumask_bits:16 nr_cpu_ids:16 nr_node_ids:1
[    0.070350] percpu: Embedded 55 pages/cpu s188416 r8192 d28672 u262144
[    0.070354] pcpu-alloc: s188416 r8192 d28672 u262144 alloc=1*2097152
[    0.070355] pcpu-alloc: [0] 00 01 02 03 04 05 06 07 [0] 08 09 10 11 12 13 14 15 
[    0.070375] KVM setup async PF for cpu 0
[    0.070379] kvm-stealtime: cpu 0, msr 42f82d040
[    0.070383] PV qspinlock hash table entries: 256 (order: 0, 4096 bytes, linear)
[    0.070388] Built 1 zonelists, mobility grouping on.  Total pages: 4128606
[    0.070389] Policy zone: Normal
[    0.070390] Kernel command line: BOOT_IMAGE=/boot/vmlinuz-5.4.144-io-pass+ root=UUID=66add23f-3d34-46f1-a540-ebfdd268827e ro ip=dhcp console=ttyS0,115200 console=tty console=ttyS0 text
[    0.072640] Dentry cache hash table entries: 2097152 (order: 12, 16777216 bytes, linear)
[    0.073727] Inode-cache hash table entries: 1048576 (order: 11, 8388608 bytes, linear)
[    0.073873] mem auto-init: stack:off, heap alloc:on, heap free:off
[    0.079635] Calgary: detecting Calgary via BIOS EBDA area
[    0.079637] Calgary: Unable to locate Rio Grande table in EBDA - bailing!
[    0.110253] Memory: 16294996K/16776652K available (14339K kernel code, 2379K rwdata, 9328K rodata, 2704K init, 5020K bss, 481656K reserved, 0K cma-reserved)
[    0.110260] random: get_random_u64 called from __kmem_cache_create+0x41/0x550 with crng_init=0
[    0.110560] SLUB: HWalign=64, Order=0-3, MinObjects=0, CPUs=16, Nodes=1
[    0.110570] ftrace: allocating 44090 entries in 173 pages
[    0.123436] rcu: Hierarchical RCU implementation.
[    0.123438] rcu: 	RCU restricting CPUs from NR_CPUS=8192 to nr_cpu_ids=16.
[    0.123439] 	Tasks RCU enabled.
[    0.123440] rcu: RCU calculated value of scheduler-enlistment delay is 25 jiffies.
[    0.123440] rcu: Adjusting geometry for rcu_fanout_leaf=16, nr_cpu_ids=16
[    0.125196] NR_IRQS: 524544, nr_irqs: 552, preallocated irqs: 16
[    0.125393] random: crng done (trusting CPU's manufacturer)
[    0.135760] Console: colour VGA+ 80x25
[    0.161656] printk: console [tty0] enabled
[    0.241843] printk: console [ttyS0] enabled
[    0.242442] ACPI: Core revision 20190816
[    0.243093] clocksource: hpet: mask: 0xffffffff max_cycles: 0xffffffff, max_idle_ns: 19112604467 ns
[    0.244350] APIC: Switch to symmetric I/O mode setup
[    0.245189] x2apic enabled
[    0.245753] Switched APIC routing to physical x2apic.
[    0.246431] KVM setup pv IPIs
[    0.247591] ..TIMER: vector=0x30 apic1=0 pin1=2 apic2=-1 pin2=-1
[    0.248491] clocksource: tsc-early: mask: 0xffffffffffffffff max_cycles: 0x328211acd6a, max_idle_ns: 440795259903 ns
[    0.249977] Calibrating delay loop (skipped) preset value.. 7007.99 BogoMIPS (lpj=14015992)
[    0.251209] pid_max: default: 32768 minimum: 301
[    0.251923] LSM: Security Framework initializing
[    0.253987] Yama: becoming mindful.
[    0.254586] AppArmor: AppArmor initialized
[    0.255479] Mount-cache hash table entries: 32768 (order: 6, 262144 bytes, linear)
[    0.256612] Mountpoint-cache hash table entries: 32768 (order: 6, 262144 bytes, linear)
[    0.257994] *** VALIDATE tmpfs ***
[    0.258646] *** VALIDATE proc ***
[    0.259219] *** VALIDATE cgroup1 ***
[    0.259794] *** VALIDATE cgroup2 ***
[    0.260428] x86/cpu: User Mode Instruction Prevention (UMIP) activated
[    0.261430] Last level iTLB entries: 4KB 0, 2MB 0, 4MB 0
[    0.261978] Last level dTLB entries: 4KB 0, 2MB 0, 4MB 0, 1GB 0
[    0.262880] Spectre V1 : Mitigation: usercopy/swapgs barriers and __user pointer sanitization
[    0.264140] Spectre V2 : Mitigation: Enhanced IBRS
[    0.264836] Spectre V2 : Spectre v2 / SpectreRSB mitigation: Filling RSB on context switch
[    0.265977] Spectre V2 : mitigation: Enabling conditional Indirect Branch Prediction Barrier
[    0.267186] Speculative Store Bypass: Mitigation: Speculative Store Bypass disabled via prctl and seccomp
[    0.268526] TAA: Mitigation: TSX disabled
[    0.269343] Freeing SMP alternatives memory: 40K
[    0.271668] smpboot: CPU0: Intel(R) Core(TM) i9-10920X CPU @ 3.50GHz (family: 0x6, model: 0x55, stepping: 0x7)
[    0.273132] Performance Events: Skylake events, full-width counters, Intel PMU driver.
[    0.273975] ... version:                2
[    0.273975] ... bit width:              48
[    0.273975] ... generic registers:      4
[    0.273978] ... value mask:             0000ffffffffffff
[    0.274716] ... max period:             00007fffffffffff
[    0.275461] ... fixed-purpose events:   3
[    0.276055] ... event mask:             000000070000000f
[    0.276845] rcu: Hierarchical SRCU implementation.
[    0.278209] smp: Bringing up secondary CPUs ...
[    0.278940] x86: Booting SMP configuration:
[    0.279554] .... node  #0, CPUs:        #1
[    0.124621] kvm-clock: cpu 1, msr 20ae01041, secondary cpu clock
[    0.282011] KVM setup async PF for cpu 1
[    0.285975] kvm-stealtime: cpu 1, msr 42f86d040
[    0.290072]   #2
[    0.124621] kvm-clock: cpu 2, msr 20ae01081, secondary cpu clock
[    0.291672] KVM setup async PF for cpu 2
[    0.293975] kvm-stealtime: cpu 2, msr 42f8ad040
[    0.298058]   #3
[    0.124621] kvm-clock: cpu 3, msr 20ae010c1, secondary cpu clock
[    0.302162] KVM setup async PF for cpu 3
[    0.305975] kvm-stealtime: cpu 3, msr 42f8ed040
[    0.306273]   #4
[    0.124621] kvm-clock: cpu 4, msr 20ae01101, secondary cpu clock
[    0.311398] KVM setup async PF for cpu 4
[    0.313975] kvm-stealtime: cpu 4, msr 42f92d040
[    0.318055]   #5
[    0.124621] kvm-clock: cpu 5, msr 20ae01141, secondary cpu clock
[    0.319618] KVM setup async PF for cpu 5
[    0.321975] kvm-stealtime: cpu 5, msr 42f96d040
[    0.326087]   #6
[    0.124621] kvm-clock: cpu 6, msr 20ae01181, secondary cpu clock
[    0.326836] KVM setup async PF for cpu 6
[    0.327717] kvm-stealtime: cpu 6, msr 42f9ad040
[    0.330067]   #7
[    0.124621] kvm-clock: cpu 7, msr 20ae011c1, secondary cpu clock
[    0.331693] KVM setup async PF for cpu 7
[    0.333975] kvm-stealtime: cpu 7, msr 42f9ed040
[    0.341984]   #8
[    0.124621] kvm-clock: cpu 8, msr 20ae01201, secondary cpu clock
[    0.343431] KVM setup async PF for cpu 8
[    0.345975] kvm-stealtime: cpu 8, msr 42fa2d040
[    0.350098]   #9
[    0.124621] kvm-clock: cpu 9, msr 20ae01241, secondary cpu clock
[    0.351704] KVM setup async PF for cpu 9
[    0.353847] kvm-stealtime: cpu 9, msr 42fa6d040
[    0.358130]  #10
[    0.124621] kvm-clock: cpu 10, msr 20ae01281, secondary cpu clock
[    0.359754] KVM setup async PF for cpu 10
[    0.361975] kvm-stealtime: cpu 10, msr 42faad040
[    0.366147]  #11
[    0.124621] kvm-clock: cpu 11, msr 20ae012c1, secondary cpu clock
[    0.370270] KVM setup async PF for cpu 11
[    0.373975] kvm-stealtime: cpu 11, msr 42faed040
[    0.374130]  #12
[    0.124621] kvm-clock: cpu 12, msr 20ae01301, secondary cpu clock
[    0.378924] KVM setup async PF for cpu 12
[    0.381975] kvm-stealtime: cpu 12, msr 42fb2d040
[    0.386192]  #13
[    0.124621] kvm-clock: cpu 13, msr 20ae01341, secondary cpu clock
[    0.388104] KVM setup async PF for cpu 13
[    0.389975] kvm-stealtime: cpu 13, msr 42fb6d040
[    0.394597]  #14
[    0.124621] kvm-clock: cpu 14, msr 20ae01381, secondary cpu clock
[    0.398130] KVM setup async PF for cpu 14
[    0.401975] kvm-stealtime: cpu 14, msr 42fbad040
[    0.406189]  #15
[    0.124621] kvm-clock: cpu 15, msr 20ae013c1, secondary cpu clock
[    0.407732] KVM setup async PF for cpu 15
[    0.409975] kvm-stealtime: cpu 15, msr 42fbed040
[    0.414218] smp: Brought up 1 node, 16 CPUs
[    0.416483] smpboot: Max logical packages: 1
[    0.417990] smpboot: Total of 16 processors activated (112127.93 BogoMIPS)
[    0.423003] devtmpfs: initialized
[    0.423886] x86/mm: Memory block size: 128MB
[    0.429989] clocksource: jiffies: mask: 0xffffffff max_cycles: 0xffffffff, max_idle_ns: 7645041785100000 ns
[    0.434018] futex hash table entries: 4096 (order: 6, 262144 bytes, linear)
[    0.437520] pinctrl core: initialized pinctrl subsystem
[    0.438262] PM: RTC time: 07:57:19, date: 2025-03-14
[    0.440965] NET: Registered protocol family 16
[    0.442169] audit: initializing netlink subsys (disabled)
[    0.444338] audit: type=2000 audit(1741939039.979:1): state=initialized audit_enabled=0 res=1
[    0.444338] EISA bus registered
[    0.447388] cpuidle: using governor ladder
[    0.449097] cpuidle: using governor menu
[    0.450293] KVM setup pv remote TLB flush
[    0.451987] ACPI: bus type PCI registered
[    0.453688] acpiphp: ACPI Hot Plug PCI Controller Driver version: 0.5
[    0.454172] PCI: Using configuration type 1 for base access
[    0.460133] HugeTLB registered 1.00 GiB page size, pre-allocated 0 pages
[    0.461989] HugeTLB registered 2.00 MiB page size, pre-allocated 0 pages
[    0.466541] ACPI: Added _OSI(Module Device)
[    0.469987] ACPI: Added _OSI(Processor Device)
[    0.472365] ACPI: Added _OSI(3.0 _SCP Extensions)
[    0.473987] ACPI: Added _OSI(Processor Aggregator Device)
[    0.476740] ACPI: Added _OSI(Linux-Dell-Video)
[    0.477983] ACPI: Added _OSI(Linux-Lenovo-NV-HDMI-Audio)
[    0.480687] ACPI: Added _OSI(Linux-HPI-Hybrid-Graphics)
[    0.484608] ACPI: 1 ACPI AML tables successfully acquired and loaded
[    0.494599] ACPI: Interpreter enabled
[    0.496648] ACPI: (supports S0 S3 S4 S5)
[    0.497985] ACPI: Using IOAPIC for interrupt routing
[    0.500613] PCI: Using host bridge windows from ACPI; if necessary, use "pci=nocrs" and report a bug
[    0.506338] ACPI: Enabled 2 GPEs in block 00 to 0F
[    0.516859] ACPI: PCI Root Bridge [PCI0] (domain 0000 [bus 00-ff])
[    0.517994] acpi PNP0A03:00: _OSC: OS supports [ASPM ClockPM Segments MSI HPX-Type3]
[    0.521403] acpi PNP0A03:00: fail to add MMCONFIG information, can't access extended PCI configuration space under this bridge.
[    0.526447] acpiphp: Slot [3] registered
[    0.528056] acpiphp: Slot [4] registered
[    0.529569] acpiphp: Slot [5] registered
[    0.530012] acpiphp: Slot [6] registered
[    0.531473] acpiphp: Slot [7] registered
[    0.532864] acpiphp: Slot [8] registered
[    0.534005] acpiphp: Slot [9] registered
[    0.535337] acpiphp: Slot [10] registered
[    0.536653] acpiphp: Slot [11] registered
[    0.537930] acpiphp: Slot [12] registered
[    0.542007] acpiphp: Slot [13] registered
[    0.543466] acpiphp: Slot [14] registered
[    0.544681] acpiphp: Slot [15] registered
[    0.545890] acpiphp: Slot [16] registered
[    0.546002] acpiphp: Slot [17] registered
[    0.547225] acpiphp: Slot [18] registered
[    0.548455] acpiphp: Slot [19] registered
[    0.549660] acpiphp: Slot [20] registered
[    0.550004] acpiphp: Slot [21] registered
[    0.551241] acpiphp: Slot [22] registered
[    0.552463] acpiphp: Slot [23] registered
[    0.553667] acpiphp: Slot [24] registered
[    0.554004] acpiphp: Slot [25] registered
[    0.555228] acpiphp: Slot [26] registered
[    0.556437] acpiphp: Slot [27] registered
[    0.557639] acpiphp: Slot [28] registered
[    0.562004] acpiphp: Slot [29] registered
[    0.563218] acpiphp: Slot [30] registered
[    0.564458] acpiphp: Slot [31] registered
[    0.565658] PCI host bridge to bus 0000:00
[    0.565982] pci_bus 0000:00: root bus resource [io  0x0000-0x0cf7 window]
[    0.567826] pci_bus 0000:00: root bus resource [io  0x0d00-0xffff window]
[    0.569690] pci_bus 0000:00: root bus resource [mem 0x000a0000-0x000bffff window]
[    0.569979] pci_bus 0000:00: root bus resource [mem 0xc0000000-0xfebfffff window]
[    0.571950] pci_bus 0000:00: root bus resource [mem 0x440000000-0x4bfffffff window]
[    0.573942] pci_bus 0000:00: root bus resource [bus 00-ff]
[    0.578028] pci 0000:00:00.0: [8086:1237] type 00 class 0x060000
[    0.580435] pci 0000:00:01.0: [8086:7000] type 00 class 0x060100
[    0.582547] pci 0000:00:01.1: [8086:7010] type 00 class 0x010180
[    0.589378] pci 0000:00:01.1: reg 0x20: [io  0xc0a0-0xc0af]
[    0.592129] pci 0000:00:01.1: legacy IDE quirk: reg 0x10: [io  0x01f0-0x01f7]
[    0.593983] pci 0000:00:01.1: legacy IDE quirk: reg 0x14: [io  0x03f6]
[    0.595276] pci 0000:00:01.1: legacy IDE quirk: reg 0x18: [io  0x0170-0x0177]
[    0.596675] pci 0000:00:01.1: legacy IDE quirk: reg 0x1c: [io  0x0376]
[    0.598154] pci 0000:00:01.3: [8086:7113] type 00 class 0x068000
[    0.599816] pci 0000:00:01.3: quirk: [io  0x0600-0x063f] claimed by PIIX4 ACPI
[    0.601318] pci 0000:00:01.3: quirk: [io  0x0700-0x070f] claimed by PIIX4 SMB
[    0.602464] pci 0000:00:02.0: [1234:1111] type 00 class 0x030000
[    0.606925] pci 0000:00:02.0: reg 0x10: [mem 0xfd000000-0xfdffffff pref]
[    0.612166] pci 0000:00:02.0: reg 0x18: [mem 0xfebd2000-0xfebd2fff]
[    0.626012] pci 0000:00:02.0: reg 0x30: [mem 0xfebc0000-0xfebcffff pref]
[    0.629222] pci 0000:00:03.0: [1d1d:1f1f] type 00 class 0x010802
[    0.631848] pci 0000:00:03.0: reg 0x10: [mem 0xfebd0000-0xfebd1fff 64bit]
[    0.639689] pci 0000:00:03.0: reg 0x20: [mem 0xfebd3000-0xfebd3fff]
[    0.645272] pci 0000:00:04.0: [1af4:1000] type 00 class 0x020000
[    0.648715] pci 0000:00:04.0: reg 0x10: [io  0xc080-0xc09f]
[    0.653980] pci 0000:00:04.0: reg 0x14: [mem 0xfebd4000-0xfebd4fff]
[    0.661981] pci 0000:00:04.0: reg 0x20: [mem 0xfe000000-0xfe003fff 64bit pref]
[    0.665565] pci 0000:00:04.0: reg 0x30: [mem 0xfeb80000-0xfebbffff pref]
[    0.670925] pci 0000:00:05.0: [1af4:1001] type 00 class 0x010000
[    0.675171] pci 0000:00:05.0: reg 0x10: [io  0xc000-0xc07f]
[    0.677982] pci 0000:00:05.0: reg 0x14: [mem 0xfebd5000-0xfebd5fff]
[    0.685981] pci 0000:00:05.0: reg 0x20: [mem 0xfe004000-0xfe007fff 64bit pref]
[    0.697418] ACPI: PCI Interrupt Link [LNKA] (IRQs 5 *10 11)
[    0.698085] ACPI: PCI Interrupt Link [LNKB] (IRQs 5 *10 11)
[    0.699091] ACPI: PCI Interrupt Link [LNKC] (IRQs 5 10 *11)
[    0.700072] ACPI: PCI Interrupt Link [LNKD] (IRQs 5 10 *11)
[    0.701025] ACPI: PCI Interrupt Link [LNKS] (IRQs *9)
[    0.702589] iommu: Default domain type: Translated 
[    0.706126] pci 0000:00:02.0: vgaarb: setting as boot VGA device
[    0.706934] pci 0000:00:02.0: vgaarb: VGA device added: decodes=io+mem,owns=io+mem,locks=none
[    0.706934] pci 0000:00:02.0: vgaarb: bridge control possible
[    0.706934] vgaarb: loaded
[    0.707571] SCSI subsystem initialized
[    0.710009] libata version 3.00 loaded.
[    0.710011] ACPI: bus type USB registered
[    0.710671] usbcore: registered new interface driver usbfs
[    0.711539] usbcore: registered new interface driver hub
[    0.711539] usbcore: registered new device driver usb
[    0.711539] pps_core: LinuxPPS API ver. 1 registered
[    0.711575] pps_core: Software ver. 5.3.6 - Copyright 2005-2007 Rodolfo Giometti <giometti@linux.it>
[    0.712930] PTP clock support registered
[    0.714015] EDAC MC: Ver: 3.0.0
[    0.718430] PCI: Using ACPI for IRQ routing
[    0.718652] PCI: pci_cache_line_size set to 64 bytes
[    0.718744] e820: reserve RAM buffer [mem 0x0009fc00-0x0009ffff]
[    0.718745] e820: reserve RAM buffer [mem 0xbffd5000-0xbfffffff]
[    0.718900] NetLabel: Initializing
[    0.719463] NetLabel:  domain hash size = 128
[    0.720142] NetLabel:  protocols = UNLABELED CIPSOv4 CALIPSO
[    0.725996] NetLabel:  unlabeled traffic allowed by default
[    0.729989] hpet0: at MMIO 0xfed00000, IRQs 2, 8, 0
[    0.729989] hpet0: 3 comparators, 64-bit 100.000000 MHz counter
[    0.734146] clocksource: Switched to clocksource kvm-clock
[    0.744328] *** VALIDATE bpf ***
[    0.744927] VFS: Disk quotas dquot_6.6.0
[    0.745526] VFS: Dquot-cache hash table entries: 512 (order 0, 4096 bytes)
[    0.746480] *** VALIDATE ramfs ***
[    0.746990] *** VALIDATE hugetlbfs ***
[    0.747645] AppArmor: AppArmor Filesystem Enabled
[    0.748337] pnp: PnP ACPI init
[    0.748872] pnp 00:00: Plug and Play ACPI device, IDs PNP0303 (active)
[    0.748885] pnp 00:01: Plug and Play ACPI device, IDs PNP0f13 (active)
[    0.748890] pnp 00:02: [dma 2]
[    0.748897] pnp 00:02: Plug and Play ACPI device, IDs PNP0700 (active)
[    0.748909] pnp 00:03: Plug and Play ACPI device, IDs PNP0400 (active)
[    0.748921] pnp 00:04: Plug and Play ACPI device, IDs PNP0501 (active)
[    0.748931] pnp 00:05: Plug and Play ACPI device, IDs PNP0b00 (active)
[    0.749109] pnp: PnP ACPI: found 6 devices
[    0.751830] thermal_sys: Registered thermal governor 'fair_share'
[    0.751830] thermal_sys: Registered thermal governor 'bang_bang'
[    0.752698] thermal_sys: Registered thermal governor 'step_wise'
[    0.753517] thermal_sys: Registered thermal governor 'user_space'
[    0.754343] thermal_sys: Registered thermal governor 'power_allocator'
[    0.759743] clocksource: acpi_pm: mask: 0xffffff max_cycles: 0xffffff, max_idle_ns: 2085701024 ns
[    0.761872] pci_bus 0000:00: resource 4 [io  0x0000-0x0cf7 window]
[    0.762719] pci_bus 0000:00: resource 5 [io  0x0d00-0xffff window]
[    0.763566] pci_bus 0000:00: resource 6 [mem 0x000a0000-0x000bffff window]
[    0.764490] pci_bus 0000:00: resource 7 [mem 0xc0000000-0xfebfffff window]
[    0.765417] pci_bus 0000:00: resource 8 [mem 0x440000000-0x4bfffffff window]
[    0.766435] NET: Registered protocol family 2
[    0.767386] IP idents hash table entries: 262144 (order: 9, 2097152 bytes, linear)
[    0.770142] tcp_listen_portaddr_hash hash table entries: 8192 (order: 5, 131072 bytes, linear)
[    0.776177] TCP established hash table entries: 131072 (order: 8, 1048576 bytes, linear)
[    0.782200] TCP bind hash table entries: 65536 (order: 8, 1048576 bytes, linear)
[    0.787497] TCP: Hash tables configured (established 131072 bind 65536)
[    0.792267] UDP hash table entries: 8192 (order: 6, 262144 bytes, linear)
[    0.796930] UDP-Lite hash table entries: 8192 (order: 6, 262144 bytes, linear)
[    0.802518] NET: Registered protocol family 1
[    0.805602] NET: Registered protocol family 44
[    0.808766] pci 0000:00:01.0: PIIX3: Enabling Passive Release
[    0.812735] pci 0000:00:00.0: Limiting direct PCI/PCI transfers
[    0.816788] pci 0000:00:01.0: Activating ISA DMA hang workarounds
[    0.820883] pci 0000:00:02.0: Video device with shadowed ROM at [mem 0x000c0000-0x000dffff]
[    0.825725] PCI: CLS 0 bytes, default 64
[    0.828076] Trying to unpack rootfs image as initramfs...
[    1.068134] Freeing initrd memory: 88260K
[    1.068852] PCI-DMA: Using software bounce buffering for IO (SWIOTLB)
[    1.069755] software IO TLB: mapped [mem 0xbbfd5000-0xbffd5000] (64MB)
[    1.070754] clocksource: tsc: mask: 0xffffffffffffffff max_cycles: 0x328211acd6a, max_idle_ns: 440795259903 ns
[    1.072173] check: Scanning for low memory corruption every 60 seconds
[    1.073910] Initialise system trusted keyrings
[    1.074614] Key type blacklist registered
[    1.075371] workingset: timestamp_bits=36 max_order=22 bucket_order=0
[    1.077158] zbud: loaded
[    1.077950] squashfs: version 4.0 (2009/01/31) Phillip Lougher
[    1.079279] fuse: init (API version 7.31)
[    1.080121] *** VALIDATE fuse ***
[    1.080824] *** VALIDATE fuse ***
[    1.082087] Platform Keyring initialized
[    1.085628] Key type asymmetric registered
[    1.086494] Asymmetric key parser 'x509' registered
[    1.087503] Block layer SCSI generic (bsg) driver version 0.4 loaded (major 244)
[    1.089307] io scheduler mq-deadline registered
[    1.091296] shpchp: Standard Hot Plug PCI Controller Driver version: 0.4
[    1.092654] intel_idle: Please enable MWAIT in BIOS SETUP
[    1.092745] input: Power Button as /devices/LNXSYSTM:00/LNXPWRBN:00/input/input0
[    1.094289] ACPI: Power Button [PWRF]
[    1.119906] PCI Interrupt Link [LNKD] enabled at IRQ 11
[    1.142663] PCI Interrupt Link [LNKA] enabled at IRQ 10
[    1.144486] Serial: 8250/16550 driver, 32 ports, IRQ sharing enabled
[    1.168050] 00:04: ttyS0 at I/O 0x3f8 (irq = 4, base_baud = 115200) is a 16550A
[    1.170567] Linux agpgart interface v0.103
[    1.310135] loop: module loaded
[    1.312300] ata_piix 0000:00:01.1: version 2.13
[    1.315053] scsi host0: ata_piix
[    1.317359] scsi host1: ata_piix
[    1.319244] ata1: PATA max MWDMA2 cmd 0x1f0 ctl 0x3f6 bmdma 0xc0a0 irq 14
[    1.322572] ata2: PATA max MWDMA2 cmd 0x170 ctl 0x376 bmdma 0xc0a8 irq 15
[    1.326186] libphy: Fixed MDIO Bus: probed
[    1.329229] tun: Universal TUN/TAP device driver, 1.6
[    1.331975] PPP generic driver version 2.4.2
[    1.334432] VFIO - User Level meta-driver version: 0.3
[    1.337464] ehci_hcd: USB 2.0 'Enhanced' Host Controller (EHCI) Driver
[    1.340732] ehci-pci: EHCI PCI platform driver
[    1.343088] ehci-platform: EHCI generic platform driver
[    1.345762] ohci_hcd: USB 1.1 'Open' Host Controller (OHCI) Driver
[    1.348892] ohci-pci: OHCI PCI platform driver
[    1.351252] ohci-platform: OHCI generic platform driver
[    1.353804] uhci_hcd: USB Universal Host Controller Interface driver
[    1.356820] i8042: PNP: PS/2 Controller [PNP0303:KBD,PNP0f13:MOU] at 0x60,0x64 irq 1,12
[    1.361685] serio: i8042 KBD port at 0x60,0x64 irq 1
[    1.363835] serio: i8042 AUX port at 0x60,0x64 irq 12
[    1.366363] mousedev: PS/2 mouse device common for all mice
[    1.369444] rtc_cmos 00:05: RTC can wake from S4
[    1.372965] input: AT Translated Set 2 keyboard as /devices/platform/i8042/serio0/input/input1
[    1.377480] rtc_cmos 00:05: registered as rtc0
[    1.379972] rtc_cmos 00:05: alarms up to one day, y3k, 242 bytes nvram, hpet irqs
[    1.383531] i2c /dev entries driver
[    1.385311] device-mapper: uevent: version 1.0.3
[    1.387485] device-mapper: ioctl: 4.41.0-ioctl (2019-09-16) initialised: dm-devel@redhat.com
[    1.391274] platform eisa.0: Probing EISA bus 0
[    1.393189] platform eisa.0: EISA: Cannot allocate resource for mainboard
[    1.395861] platform eisa.0: Cannot allocate resource for EISA slot 1
[    1.398302] platform eisa.0: Cannot allocate resource for EISA slot 2
[    1.400742] platform eisa.0: Cannot allocate resource for EISA slot 3
[    1.403045] platform eisa.0: Cannot allocate resource for EISA slot 4
[    1.405400] platform eisa.0: Cannot allocate resource for EISA slot 5
[    1.407676] platform eisa.0: Cannot allocate resource for EISA slot 6
[    1.409952] platform eisa.0: Cannot allocate resource for EISA slot 7
[    1.412266] platform eisa.0: Cannot allocate resource for EISA slot 8
[    1.414514] platform eisa.0: EISA: Detected 0 cards
[    1.416208] intel_pstate: CPU model not supported
[    1.418922] ledtrig-cpu: registered to indicate activity on CPUs
[    1.420946] drop_monitor: Initializing network drop monitor service
[    1.423208] NET: Registered protocol family 10
[    1.437483] Segment Routing with IPv6
[    1.439121] NET: Registered protocol family 17
[    1.441168] Key type dns_resolver registered
[    1.446111] RAS: Correctable Errors collector initialized.
[    1.448602] IPI shorthand broadcast: enabled
[    1.450519] sched_clock: Marking stable (1329864655, 120621941)->(1473526571, -23039975)
[    1.454583] registered taskstats version 1
[    1.456282] Loading compiled-in X.509 certificates
[    1.459671] Loaded X.509 cert 'Build time autogenerated kernel key: b586d14f57ceec0a91136653033d8360ac45d0b0'
[    1.463623] zswap: loaded using pool lzo/zbud
[    1.465892] Key type ._fscrypt registered
[    1.467501] Key type .fscrypt registered
[    1.480307] Key type big_key registered
[    1.487128] ata2.01: NODEV after polling detection
[    1.487327] Key type encrypted registered
[    1.488546] ata2.00: ATAPI: QEMU DVD-ROM, 2.5+, max UDMA/100
[    1.489687] AppArmor: AppArmor sha1 policy hashing enabled
[    1.496348] ima: No TPM chip found, activating TPM-bypass!
[    1.497723] scsi 1:0:0:0: CD-ROM            QEMU     QEMU DVD-ROM     2.5+ PQ: 0 ANSI: 5
[    1.499310] ima: Allocated hash algorithm: sha1
[    1.507042] ima: No architecture policies found
[    1.509171] evm: Initialising EVM extended attributes:
[    1.511325] evm: security.selinux
[    1.512792] evm: security.SMACK64
[    1.514311] evm: security.SMACK64EXEC
[    1.515910] evm: security.SMACK64TRANSMUTE
[    1.517572] evm: security.SMACK64MMAP
[    1.519044] evm: security.apparmor
[    1.520356] evm: security.ima
[    1.521555] evm: security.capability
[    1.522906] evm: HMAC attrs: 0x1
[    1.525254] PM:   Magic number: 1:217:976
[    1.526805] memory memory23: hash matches
[    1.528397] rtc_cmos 00:05: setting system clock to 2025-03-14T07:57:20 UTC (1741939040)
[    1.555843] sr 1:0:0:0: [sr0] scsi3-mmc drive: 4x/4x cd/rw xa/form2 tray
[    1.559597] cdrom: Uniform CD-ROM driver Revision: 3.20
[    1.586193] sr 1:0:0:0: Attached scsi CD-ROM sr0
[    1.586486] sr 1:0:0:0: Attached scsi generic sg0 type 5
[    1.591563] Freeing unused decrypted memory: 2040K
[    1.594939] Freeing unused kernel image memory: 2704K
[    1.610249] Write protecting the kernel read-only data: 26624k
[    1.616625] Freeing unused kernel image memory: 2008K
[    1.619947] Freeing unused kernel image memory: 912K
[    1.641328] x86/mm: Checked W+X mappings: passed, no W+X pages found.
[    1.644171] Run /init as init process
[    1.763895] Floppy drive(s): fd0 is 2.88M AMI BIOS
[    1.764753] piix4_smbus 0000:00:01.3: SMBus Host Controller at 0x700, revision 0
[    1.775740] input: VirtualPS/2 VMware VMMouse as /devices/platform/i8042/serio1/input/input4
[    1.782077] input: VirtualPS/2 VMware VMMouse as /devices/platform/i8042/serio1/input/input3
[    1.787482] FDC 0 is a S82078B
[    1.790331] nvme nvme0: pci function 0000:00:03.0
[    1.795942] cryptd: max_cpu_qlen set to 1000
[    1.803988] AVX2 version of gcm_enc/dec engaged.
[    1.825903] virtio_blk virtio1: [vda] 167772160 512-byte logical blocks (85.9 GB/80.0 GiB)
[    1.829328] AES CTR mode by8 optimization enabled
[    1.836840] PCI Interrupt Link [LNKC] enabled at IRQ 11
[    1.849705] virtio_net virtio0 ens4: renamed from eth0
[    1.849835]  vda: vda1 vda2
[    1.852399] nvme nvme0: 8/0/0 default/read/poll queues
[    1.857464] bochs-drm 0000:00:02.0: remove_conflicting_pci_framebuffers: bar 0: 0xfd000000 -> 0xfdffffff
[    1.859434] bochs-drm 0000:00:02.0: remove_conflicting_pci_framebuffers: bar 2: 0xfebd2000 -> 0xfebd2fff
[    1.861137] bochs-drm 0000:00:02.0: vgaarb: deactivate vga console
[    1.868861] Console: switching to colour dummy device 80x25
[    1.869838] [drm] Found bochs VGA, ID 0xb0c5.
[    1.870598] [drm] Framebuffer size 16384 kB @ 0xfd000000, mmio @ 0xfebd2000.
[    1.871792] [TTM] Zone  kernel: Available graphics memory: 8195480 KiB
[    1.872548] [TTM] Zone   dma32: Available graphics memory: 2097152 KiB
[    1.873320] [TTM] Initializing pool allocator
[    1.873831] [TTM] Initializing DMA pool allocator
[    1.875301] [drm] Found EDID data blob.
[    1.876044] [drm] Initialized bochs-drm 1.0.0 20130925 for 0000:00:02.0 on minor 0
[    1.878229] fbcon: bochs-drmdrmfb (fb0) is primary device
[    1.881071] Console: switching to colour frame buffer device 160x50
[    1.884596] bochs-drm 0000:00:02.0: fb0: bochs-drmdrmfb frame buffer device
[    2.237983] raid6: avx512x4 gen() 34744 MB/s
[    2.305982] raid6: avx512x4 xor() 22676 MB/s
[    2.373982] raid6: avx512x2 gen() 46441 MB/s
[    2.441979] raid6: avx512x2 xor() 26335 MB/s
[    2.509982] raid6: avx512x1 gen() 37096 MB/s
[    2.577982] raid6: avx512x1 xor() 20764 MB/s
[    2.645981] raid6: avx2x4   gen() 38226 MB/s
[    2.713979] raid6: avx2x4   xor() 22826 MB/s
[    2.781983] raid6: avx2x2   gen() 33541 MB/s
[    2.849982] raid6: avx2x2   xor() 21256 MB/s
[    2.917983] raid6: avx2x1   gen() 26841 MB/s
[    2.985981] raid6: avx2x1   xor() 18998 MB/s
[    3.053985] raid6: sse2x4   gen() 13528 MB/s
[    3.121984] raid6: sse2x4   xor()  8213 MB/s
[    3.189984] raid6: sse2x2   gen() 12673 MB/s
[    3.257983] raid6: sse2x2   xor()  7972 MB/s
[    3.325987] raid6: sse2x1   gen() 11364 MB/s
[    3.393985] raid6: sse2x1   xor()  6420 MB/s
[    3.394586] raid6: using algorithm avx512x2 gen() 46441 MB/s
[    3.395240] raid6: .... xor() 26335 MB/s, rmw enabled
[    3.395803] raid6: using avx512x2 recovery algorithm
[    3.398823] xor: automatically using best checksumming function   avx       
[    3.403969] async_tx: api initialized (async)
[    3.495806] Btrfs loaded, crc32c=crc32c-intel
[    3.682148] blk_update_request: I/O error, dev fd0, sector 0 op 0x0:(READ) flags 0x0 phys_seg 1 prio class 0
[    3.687027] floppy: error 10 while reading block 0
[    3.741606] EXT4-fs (vda2): mounted filesystem with ordered data mode. Opts: (null)
[    4.113062] systemd[1]: Inserted module 'autofs4'
[    4.135504] systemd[1]: systemd 245.4-4ubuntu3.22 running in system mode. (+PAM +AUDIT +SELINUX +IMA +APPARMOR +SMACK +SYSVINIT +UTMP +LIBCRYPTSETUP +GCRYPT +GNUTLS +ACL +XZ +LZ4 +SECCOMP +BLKID +ELFUTILS +KMOD +IDN2 -IDN +PCRE2 default-hierarchy=hybrid)
[    4.140523] systemd[1]: Detected virtualization kvm.
[    4.142039] systemd[1]: Detected architecture x86-64.
[    4.169750] systemd[1]: Set hostname to <fvm>.
[    4.284187] systemd[1]: Configuration file /run/systemd/system/netplan-ovs-cleanup.service is marked world-inaccessible. This has no effect as configuration data is accessible via APIs without restrictions. Proceeding anyway.
[    4.418026] systemd[1]: Unnecessary job for /sys/devices/virtual/misc/vmbus!hv_vss was removed.
[    4.423449] systemd[1]: Unnecessary job for /sys/devices/virtual/misc/vmbus!hv_fcopy was removed.
[    4.430863] systemd[1]: Created slice system-modprobe.slice.
[    4.437343] systemd[1]: Created slice system-serial\x2dgetty.slice.
[    4.444893] systemd[1]: Created slice User and Session Slice.
[    4.451688] systemd[1]: Started Forward Password Requests to Wall Directory Watch.
[    4.460071] systemd[1]: Set up automount Arbitrary Executable File Formats File System Automount Point.
[    4.468683] systemd[1]: Reached target User and Group Name Lookups.
[    4.475664] systemd[1]: Reached target Slices.
[    4.481311] systemd[1]: Reached target Mounting snaps.
[    4.487760] systemd[1]: Listening on Device-mapper event daemon FIFOs.
[    4.495197] systemd[1]: Listening on LVM2 poll daemon socket.
[    4.502799] systemd[1]: Listening on multipathd control socket.
[    4.509697] systemd[1]: Listening on Syslog Socket.
[    4.514051] systemd[1]: Listening on initctl Compatibility Named Pipe.
[    4.518506] systemd[1]: Listening on Journal Audit Socket.
[    4.523775] systemd[1]: Listening on Journal Socket (/dev/log).
[    4.530605] systemd[1]: Listening on Journal Socket.
[    4.536621] systemd[1]: Listening on Network Service Netlink Socket.
[    4.543711] systemd[1]: Listening on udev Control Socket.
[    4.550161] systemd[1]: Listening on udev Kernel Socket.
[    4.558490] systemd[1]: Mounting Huge Pages File System...
[    4.567224] systemd[1]: Mounting POSIX Message Queue File System...
[    4.575637] systemd[1]: Mounting Kernel Debug File System...
[    4.583466] systemd[1]: Mounting Kernel Trace File System...
[    4.592646] systemd[1]: Starting Journal Service...
[    4.600869] systemd[1]: Starting Set the console keyboard layout...
[    4.610078] systemd[1]: Starting Create list of static device nodes for the current kernel...
[    4.621738] systemd[1]: Starting Monitoring of LVM2 mirrors, snapshots etc. using dmeventd or progress polling...
[    4.633234] systemd[1]: Starting Load Kernel Module chromeos_pstore...
[    4.641231] systemd[1]: Condition check resulted in Load Kernel Module drm being skipped.
[    4.649353] systemd[1]: Starting Load Kernel Module efi_pstore...
[    4.657425] systemd[1]: Starting Load Kernel Module pstore_blk...
[    4.667758] systemd[1]: Starting Load Kernel Module pstore_zone...
[    4.676706] systemd[1]: Starting Load Kernel Module ramoops...
[    4.684279] systemd[1]: Condition check resulted in OpenVSwitch configuration for cleanup being skipped.
[    4.693049] systemd[1]: Condition check resulted in Set Up Additional Binary Formats being skipped.
[    4.702415] systemd[1]: Starting Load Kernel Modules...
[    4.708600] systemd[1]: Starting Remount Root and Kernel File Systems...
[    4.715629] systemd[1]: Starting udev Coldplug all Devices...
[    4.723609] systemd[1]: Starting Uncomplicated firewall...
[    4.725041] EXT4-fs (vda2): re-mounted. Opts: (null)
[    4.735410] systemd[1]: Started Journal Service.
[    4.814669] systemd-journald[498]: Received client request to flush runtime journal.
[    4.938148] Adding 4029436k swap on /swap.img.  Priority:-2 extents:5 across:4307964k FS
[    5.100245] parport_pc 00:03: reported by Plug and Play ACPI
[    5.100567] parport0: PC-style at 0x378, irq 7 [PCSPP,TRISTATE]
[    5.175741] RAPL PMU: API unit is 2^-32 Joules, 0 fixed counters, 10737418240 ms ovfl timer
[    5.204590] ppdev: user-space parallel port driver
[    6.438039] alua: device handler registered
[    6.440583] emc: device handler registered
[    6.443477] rdac: device handler registered
[    6.809818] audit: type=1400 audit(1741939045.776:2): apparmor="STATUS" operation="profile_load" profile="unconfined" name="nvidia_modprobe" pid=782 comm="apparmor_parser"
[    6.809824] audit: type=1400 audit(1741939045.776:3): apparmor="STATUS" operation="profile_load" profile="unconfined" name="nvidia_modprobe//kmod" pid=782 comm="apparmor_parser"
[    6.810151] audit: type=1400 audit(1741939045.780:4): apparmor="STATUS" operation="profile_load" profile="unconfined" name="/usr/bin/man" pid=779 comm="apparmor_parser"
[    6.810158] audit: type=1400 audit(1741939045.780:5): apparmor="STATUS" operation="profile_load" profile="unconfined" name="man_filter" pid=779 comm="apparmor_parser"
[    6.810161] audit: type=1400 audit(1741939045.780:6): apparmor="STATUS" operation="profile_load" profile="unconfined" name="man_groff" pid=779 comm="apparmor_parser"
[    6.810456] audit: type=1400 audit(1741939045.780:7): apparmor="STATUS" operation="profile_load" profile="unconfined" name="lsb_release" pid=778 comm="apparmor_parser"
[    6.811382] audit: type=1400 audit(1741939045.780:8): apparmor="STATUS" operation="profile_load" profile="unconfined" name="/usr/lib/snapd/snap-confine" pid=783 comm="apparmor_parser"
[    6.811388] audit: type=1400 audit(1741939045.780:9): apparmor="STATUS" operation="profile_load" profile="unconfined" name="/usr/lib/snapd/snap-confine//mount-namespace-capture-helper" pid=783 comm="apparmor_parser"
[    6.812958] audit: type=1400 audit(1741939045.780:10): apparmor="STATUS" operation="profile_load" profile="unconfined" name="/usr/sbin/tcpdump" pid=784 comm="apparmor_parser"
[    6.813210] audit: type=1400 audit(1741939045.780:11): apparmor="STATUS" operation="profile_load" profile="unconfined" name="/usr/lib/NetworkManager/nm-dhcp-client.action" pid=780 comm="apparmor_parser"
[  159.529869] EXT4-fs (nvme0n1): mounted filesystem with ordered data mode. Opts: (null)
