[    0.000000] Linux version 5.4.144-io-pass+ (root@fvm) (gcc version 7.5.0 (Ubuntu 7.5.0-6ubuntu2)) #24 SMP Fri Mar 14 07:48:20 UTC 2025
[    0.000000] Command line: BOOT_IMAGE=/boot/vmlinuz-5.4.144-io-pass+ root=UUID=66add23f-3d34-46f1-a540-ebfdd268827e ro ip=dhcp console=ttyS0,115200 console=tty console=ttyS0 text
[    0.000000] KERNEL supported cpus:
[    0.000000]   Intel GenuineIntel
[    0.000000]   AMD AuthenticAMD
[    0.000000]   Hygon HygonGenuine
[    0.000000]   Centaur CentaurHauls
[    0.000000]   zhaoxin   Shanghai  
[    0.000000] x86/fpu: Supporting XSAVE feature 0x001: 'x87 floating point registers'
[    0.000000] x86/fpu: Supporting XSAVE feature 0x002: 'SSE registers'
[    0.000000] x86/fpu: Supporting XSAVE feature 0x004: 'AVX registers'
[    0.000000] x86/fpu: Supporting XSAVE feature 0x008: 'MPX bounds registers'
[    0.000000] x86/fpu: Supporting XSAVE feature 0x010: 'MPX CSR'
[    0.000000] x86/fpu: Supporting XSAVE feature 0x020: 'AVX-512 opmask'
[    0.000000] x86/fpu: Supporting XSAVE feature 0x040: 'AVX-512 Hi256'
[    0.000000] x86/fpu: Supporting XSAVE feature 0x080: 'AVX-512 ZMM_Hi256'
[    0.000000] x86/fpu: xstate_offset[2]:  576, xstate_sizes[2]:  256
[    0.000000] x86/fpu: xstate_offset[3]:  832, xstate_sizes[3]:   64
[    0.000000] x86/fpu: xstate_offset[4]:  896, xstate_sizes[4]:   64
[    0.000000] x86/fpu: xstate_offset[5]:  960, xstate_sizes[5]:   64
[    0.000000] x86/fpu: xstate_offset[6]: 1024, xstate_sizes[6]:  512
[    0.000000] x86/fpu: xstate_offset[7]: 1536, xstate_sizes[7]: 1024
[    0.000000] x86/fpu: Enabled xstate features 0xff, context size is 2560 bytes, using 'compacted' format.
[    0.000000] BIOS-provided physical RAM map:
[    0.000000] BIOS-e820: [mem 0x0000000000000000-0x000000000009fbff] usable
[    0.000000] BIOS-e820: [mem 0x000000000009fc00-0x000000000009ffff] reserved
[    0.000000] BIOS-e820: [mem 0x00000000000f0000-0x00000000000fffff] reserved
[    0.000000] BIOS-e820: [mem 0x0000000000100000-0x00000000bffd4fff] usable
[    0.000000] BIOS-e820: [mem 0x00000000bffd5000-0x00000000bfffffff] reserved
[    0.000000] BIOS-e820: [mem 0x00000000feffc000-0x00000000feffffff] reserved
[    0.000000] BIOS-e820: [mem 0x00000000fffc0000-0x00000000ffffffff] reserved
[    0.000000] BIOS-e820: [mem 0x0000000100000000-0x000000043fffffff] usable
[    0.000000] NX (Execute Disable) protection: active
[    0.000000] SMBIOS 2.8 present.
[    0.000000] DMI: QEMU Standard PC (i440FX + PIIX, 1996), BIOS rel-1.16.0-0-gd239552ce722-prebuilt.qemu.org 04/01/2014
[    0.000000] Hypervisor detected: KVM
[    0.000000] kvm-clock: Using msrs 4b564d01 and 4b564d00
[    0.000000] kvm-clock: cpu 0, msr 3aae01001, primary cpu clock
[    0.000000] kvm-clock: using sched offset of 8526657381 cycles
[    0.000002] clocksource: kvm-clock: mask: 0xffffffffffffffff max_cycles: 0x1cd42e4dffb, max_idle_ns: 881590591483 ns
[    0.000003] tsc: Detected 3503.998 MHz processor
[    0.001478] e820: update [mem 0x00000000-0x00000fff] usable ==> reserved
[    0.001479] e820: remove [mem 0x000a0000-0x000fffff] usable
[    0.001482] last_pfn = 0x440000 max_arch_pfn = 0x400000000
[    0.001506] MTRR default type: write-back
[    0.001507] MTRR fixed ranges enabled:
[    0.001507]   00000-9FFFF write-back
[    0.001508]   A0000-BFFFF uncachable
[    0.001508]   C0000-FFFFF write-protect
[    0.001509] MTRR variable ranges enabled:
[    0.001510]   0 base 0000C0000000 mask 3FFFC0000000 uncachable
[    0.001510]   1 disabled
[    0.001510]   2 disabled
[    0.001510]   3 disabled
[    0.001511]   4 disabled
[    0.001511]   5 disabled
[    0.001511]   6 disabled
[    0.001511]   7 disabled
[    0.001519] x86/PAT: Configuration [0-7]: WB  WC  UC- UC  WB  WP  UC- WT  
[    0.001525] last_pfn = 0xbffd5 max_arch_pfn = 0x400000000
[    0.006735] found SMP MP-table at [mem 0x000f5b90-0x000f5b9f]
[    0.006814] check: Scanning 1 areas for low memory corruption
[    0.006863] Using GB pages for direct mapping
[    0.006976] RAMDISK: [mem 0x2d38d000-0x329bdfff]
[    0.006981] ACPI: Early table checksum verification disabled
[    0.006984] ACPI: RSDP 0x00000000000F5990 000014 (v00 BOCHS )
[    0.006987] ACPI: RSDT 0x00000000BFFE1E93 000034 (v01 BOCHS  BXPC     00000001 BXPC 00000001)
[    0.006991] ACPI: FACP 0x00000000BFFE1CCF 000074 (v01 BOCHS  BXPC     00000001 BXPC 00000001)
[    0.006999] ACPI: DSDT 0x00000000BFFE0040 001C8F (v01 BOCHS  BXPC     00000001 BXPC 00000001)
[    0.007002] ACPI: FACS 0x00000000BFFE0000 000040
[    0.007004] ACPI: APIC 0x00000000BFFE1D43 0000F0 (v01 BOCHS  BXPC     00000001 BXPC 00000001)
[    0.007006] ACPI: HPET 0x00000000BFFE1E33 000038 (v01 BOCHS  BXPC     00000001 BXPC 00000001)
[    0.007008] ACPI: WAET 0x00000000BFFE1E6B 000028 (v01 BOCHS  BXPC     00000001 BXPC 00000001)
[    0.007010] ACPI: Reserving FACP table memory at [mem 0xbffe1ccf-0xbffe1d42]
[    0.007011] ACPI: Reserving DSDT table memory at [mem 0xbffe0040-0xbffe1cce]
[    0.007011] ACPI: Reserving FACS table memory at [mem 0xbffe0000-0xbffe003f]
[    0.007012] ACPI: Reserving APIC table memory at [mem 0xbffe1d43-0xbffe1e32]
[    0.007012] ACPI: Reserving HPET table memory at [mem 0xbffe1e33-0xbffe1e6a]
[    0.007013] ACPI: Reserving WAET table memory at [mem 0xbffe1e6b-0xbffe1e92]
[    0.007027] ACPI: Local APIC address 0xfee00000
[    0.007337] No NUMA configuration found
[    0.007338] Faking a node at [mem 0x0000000000000000-0x000000043fffffff]
[    0.007345] NODE_DATA(0) allocated [mem 0x43ffd5000-0x43fffffff]
[    0.007916] Zone ranges:
[    0.007917]   DMA      [mem 0x0000000000001000-0x0000000000ffffff]
[    0.007918]   DMA32    [mem 0x0000000001000000-0x00000000ffffffff]
[    0.007918]   Normal   [mem 0x0000000100000000-0x000000043fffffff]
[    0.007919]   Device   empty
[    0.007920] Movable zone start for each node
[    0.007921] Early memory node ranges
[    0.007922]   node   0: [mem 0x0000000000001000-0x000000000009efff]
[    0.007923]   node   0: [mem 0x0000000000100000-0x00000000bffd4fff]
[    0.007923]   node   0: [mem 0x0000000100000000-0x000000043fffffff]
[    0.008347] Zeroed struct page in unavailable ranges: 141 pages
[    0.008348] Initmem setup node 0 [mem 0x0000000000001000-0x000000043fffffff]
[    0.008349] On node 0 totalpages: 4194163
[    0.008350]   DMA zone: 64 pages used for memmap
[    0.008350]   DMA zone: 21 pages reserved
[    0.008351]   DMA zone: 3998 pages, LIFO batch:0
[    0.008384]   DMA32 zone: 12224 pages used for memmap
[    0.008385]   DMA32 zone: 782293 pages, LIFO batch:63
[    0.020198]   Normal zone: 53248 pages used for memmap
[    0.020200]   Normal zone: 3407872 pages, LIFO batch:63
[    0.070582] ACPI: PM-Timer IO Port: 0x608
[    0.070586] ACPI: Local APIC address 0xfee00000
[    0.070600] ACPI: LAPIC_NMI (acpi_id[0xff] dfl dfl lint[0x1])
[    0.070632] IOAPIC[0]: apic_id 0, version 17, address 0xfec00000, GSI 0-23
[    0.070635] ACPI: INT_SRC_OVR (bus 0 bus_irq 0 global_irq 2 dfl dfl)
[    0.070636] ACPI: INT_SRC_OVR (bus 0 bus_irq 5 global_irq 5 high level)
[    0.070637] ACPI: INT_SRC_OVR (bus 0 bus_irq 9 global_irq 9 high level)
[    0.070638] ACPI: INT_SRC_OVR (bus 0 bus_irq 10 global_irq 10 high level)
[    0.070638] ACPI: INT_SRC_OVR (bus 0 bus_irq 11 global_irq 11 high level)
[    0.070639] ACPI: IRQ0 used by override.
[    0.070640] ACPI: IRQ5 used by override.
[    0.070640] ACPI: IRQ9 used by override.
[    0.070640] ACPI: IRQ10 used by override.
[    0.070641] ACPI: IRQ11 used by override.
[    0.070642] Using ACPI (MADT) for SMP configuration information
[    0.070643] ACPI: HPET id: 0x8086a201 base: 0xfed00000
[    0.070648] TSC deadline timer available
[    0.070650] smpboot: Allowing 16 CPUs, 0 hotplug CPUs
[    0.070664] KVM setup pv sched yield
[    0.070674] PM: Registered nosave memory: [mem 0x00000000-0x00000fff]
[    0.070676] PM: Registered nosave memory: [mem 0x0009f000-0x0009ffff]
[    0.070677] PM: Registered nosave memory: [mem 0x000a0000-0x000effff]
[    0.070678] PM: Registered nosave memory: [mem 0x000f0000-0x000fffff]
[    0.070680] PM: Registered nosave memory: [mem 0xbffd5000-0xbfffffff]
[    0.070681] PM: Registered nosave memory: [mem 0xc0000000-0xfeffbfff]
[    0.070682] PM: Registered nosave memory: [mem 0xfeffc000-0xfeffffff]
[    0.070683] PM: Registered nosave memory: [mem 0xff000000-0xfffbffff]
[    0.070684] PM: Registered nosave memory: [mem 0xfffc0000-0xffffffff]
[    0.070686] [mem 0xc0000000-0xfeffbfff] available for PCI devices
[    0.070687] Booting paravirtualized kernel on KVM
[    0.070690] clocksource: refined-jiffies: mask: 0xffffffff max_cycles: 0xffffffff, max_idle_ns: 7645519600211568 ns
[    0.070697] setup_percpu: NR_CPUS:8192 nr_cpumask_bits:16 nr_cpu_ids:16 nr_node_ids:1
[    0.071402] percpu: Embedded 55 pages/cpu s188416 r8192 d28672 u262144
[    0.071406] pcpu-alloc: s188416 r8192 d28672 u262144 alloc=1*2097152
[    0.071407] pcpu-alloc: [0] 00 01 02 03 04 05 06 07 [0] 08 09 10 11 12 13 14 15 
[    0.071424] KVM setup async PF for cpu 0
[    0.071428] kvm-stealtime: cpu 0, msr 42f82d040
[    0.071433] PV qspinlock hash table entries: 256 (order: 0, 4096 bytes, linear)
[    0.071438] Built 1 zonelists, mobility grouping on.  Total pages: 4128606
[    0.071438] Policy zone: Normal
[    0.071439] Kernel command line: BOOT_IMAGE=/boot/vmlinuz-5.4.144-io-pass+ root=UUID=66add23f-3d34-46f1-a540-ebfdd268827e ro ip=dhcp console=ttyS0,115200 console=tty console=ttyS0 text
[    0.073775] Dentry cache hash table entries: 2097152 (order: 12, 16777216 bytes, linear)
[    0.074895] Inode-cache hash table entries: 1048576 (order: 11, 8388608 bytes, linear)
[    0.075041] mem auto-init: stack:off, heap alloc:on, heap free:off
[    0.080992] Calgary: detecting Calgary via BIOS EBDA area
[    0.080995] Calgary: Unable to locate Rio Grande table in EBDA - bailing!
[    0.112102] Memory: 16294996K/16776652K available (14339K kernel code, 2379K rwdata, 9328K rodata, 2704K init, 5020K bss, 481656K reserved, 0K cma-reserved)
[    0.112111] random: get_random_u64 called from __kmem_cache_create+0x41/0x550 with crng_init=0
[    0.112423] SLUB: HWalign=64, Order=0-3, MinObjects=0, CPUs=16, Nodes=1
[    0.112433] ftrace: allocating 44090 entries in 173 pages
[    0.125325] rcu: Hierarchical RCU implementation.
[    0.125327] rcu: 	RCU restricting CPUs from NR_CPUS=8192 to nr_cpu_ids=16.
[    0.125328] 	Tasks RCU enabled.
[    0.125329] rcu: RCU calculated value of scheduler-enlistment delay is 25 jiffies.
[    0.125330] rcu: Adjusting geometry for rcu_fanout_leaf=16, nr_cpu_ids=16
[    0.127225] NR_IRQS: 524544, nr_irqs: 552, preallocated irqs: 16
[    0.127422] random: crng done (trusting CPU's manufacturer)
[    0.137691] Console: colour VGA+ 80x25
[    0.163643] printk: console [tty0] enabled
[    0.238956] printk: console [ttyS0] enabled
[    0.239574] ACPI: Core revision 20190816
[    0.240226] clocksource: hpet: mask: 0xffffffff max_cycles: 0xffffffff, max_idle_ns: 19112604467 ns
[    0.241491] APIC: Switch to symmetric I/O mode setup
[    0.242355] x2apic enabled
[    0.242939] Switched APIC routing to physical x2apic.
[    0.243611] KVM setup pv IPIs
[    0.244774] ..TIMER: vector=0x30 apic1=0 pin1=2 apic2=-1 pin2=-1
[    0.245677] clocksource: tsc-early: mask: 0xffffffffffffffff max_cycles: 0x328211acd6a, max_idle_ns: 440795259903 ns
[    0.247195] Calibrating delay loop (skipped) preset value.. 7007.99 BogoMIPS (lpj=14015992)
[    0.248423] pid_max: default: 32768 minimum: 301
[    0.249148] LSM: Security Framework initializing
[    0.251203] Yama: becoming mindful.
[    0.251805] AppArmor: AppArmor initialized
[    0.252705] Mount-cache hash table entries: 32768 (order: 6, 262144 bytes, linear)
[    0.253857] Mountpoint-cache hash table entries: 32768 (order: 6, 262144 bytes, linear)
[    0.255211] *** VALIDATE tmpfs ***
[    0.255852] *** VALIDATE proc ***
[    0.256437] *** VALIDATE cgroup1 ***
[    0.257014] *** VALIDATE cgroup2 ***
[    0.257675] x86/cpu: User Mode Instruction Prevention (UMIP) activated
[    0.258666] Last level iTLB entries: 4KB 0, 2MB 0, 4MB 0
[    0.259195] Last level dTLB entries: 4KB 0, 2MB 0, 4MB 0, 1GB 0
[    0.260050] Spectre V1 : Mitigation: usercopy/swapgs barriers and __user pointer sanitization
[    0.261300] Spectre V2 : Mitigation: Enhanced IBRS
[    0.261979] Spectre V2 : Spectre v2 / SpectreRSB mitigation: Filling RSB on context switch
[    0.263194] Spectre V2 : mitigation: Enabling conditional Indirect Branch Prediction Barrier
[    0.264374] Speculative Store Bypass: Mitigation: Speculative Store Bypass disabled via prctl and seccomp
[    0.265693] TAA: Mitigation: TSX disabled
[    0.266484] Freeing SMP alternatives memory: 40K
[    0.268806] smpboot: CPU0: Intel(R) Core(TM) i9-10920X CPU @ 3.50GHz (family: 0x6, model: 0x55, stepping: 0x7)
[    0.270275] Performance Events: Skylake events, full-width counters, Intel PMU driver.
[    0.271192] ... version:                2
[    0.271192] ... bit width:              48
[    0.271192] ... generic registers:      4
[    0.271199] ... value mask:             0000ffffffffffff
[    0.271989] ... max period:             00007fffffffffff
[    0.272745] ... fixed-purpose events:   3
[    0.273347] ... event mask:             000000070000000f
[    0.274154] rcu: Hierarchical SRCU implementation.
[    0.275492] smp: Bringing up secondary CPUs ...
[    0.276234] x86: Booting SMP configuration:
[    0.276846] .... node  #0, CPUs:        #1
[    0.119809] kvm-clock: cpu 1, msr 3aae01041, secondary cpu clock
[    0.279349] KVM setup async PF for cpu 1
[    0.283192] kvm-stealtime: cpu 1, msr 42f86d040
[    0.287283]   #2
[    0.119809] kvm-clock: cpu 2, msr 3aae01081, secondary cpu clock
[    0.288830] KVM setup async PF for cpu 2
[    0.291192] kvm-stealtime: cpu 2, msr 42f8ad040
[    0.295276]   #3
[    0.119809] kvm-clock: cpu 3, msr 3aae010c1, secondary cpu clock
[    0.299543] KVM setup async PF for cpu 3
[    0.303192] kvm-stealtime: cpu 3, msr 42f8ed040
[    0.307221]   #4
[    0.119809] kvm-clock: cpu 4, msr 3aae01101, secondary cpu clock
[    0.308885] KVM setup async PF for cpu 4
[    0.311192] kvm-stealtime: cpu 4, msr 42f92d040
[    0.315407]   #5
[    0.119809] kvm-clock: cpu 5, msr 3aae01141, secondary cpu clock
[    0.317137] KVM setup async PF for cpu 5
[    0.319192] kvm-stealtime: cpu 5, msr 42f96d040
[    0.323286]   #6
[    0.119809] kvm-clock: cpu 6, msr 3aae01181, secondary cpu clock
[    0.328366] KVM setup async PF for cpu 6
[    0.331192] kvm-stealtime: cpu 6, msr 42f9ad040
[    0.335293]   #7
[    0.119809] kvm-clock: cpu 7, msr 3aae011c1, secondary cpu clock
[    0.337000] KVM setup async PF for cpu 7
[    0.339192] kvm-stealtime: cpu 7, msr 42f9ed040
[    0.347287]   #8
[    0.119809] kvm-clock: cpu 8, msr 3aae01201, secondary cpu clock
[    0.348764] KVM setup async PF for cpu 8
[    0.351192] kvm-stealtime: cpu 8, msr 42fa2d040
[    0.355327]   #9
[    0.119809] kvm-clock: cpu 9, msr 3aae01241, secondary cpu clock
[    0.355898] KVM setup async PF for cpu 9
[    0.357055] kvm-stealtime: cpu 9, msr 42fa6d040
[    0.359326]  #10
[    0.119809] kvm-clock: cpu 10, msr 3aae01281, secondary cpu clock
[    0.360462] KVM setup async PF for cpu 10
[    0.362092] kvm-stealtime: cpu 10, msr 42faad040
[    0.363325]  #11
[    0.119809] kvm-clock: cpu 11, msr 3aae012c1, secondary cpu clock
[    0.367763] KVM setup async PF for cpu 11
[    0.371192] kvm-stealtime: cpu 11, msr 42faed040
[    0.375377]  #12
[    0.119809] kvm-clock: cpu 12, msr 3aae01301, secondary cpu clock
[    0.376889] KVM setup async PF for cpu 12
[    0.379192] kvm-stealtime: cpu 12, msr 42fb2d040
[    0.383355]  #13
[    0.119809] kvm-clock: cpu 13, msr 3aae01341, secondary cpu clock
[    0.385229] KVM setup async PF for cpu 13
[    0.387192] kvm-stealtime: cpu 13, msr 42fb6d040
[    0.395654]  #14
[    0.119809] kvm-clock: cpu 14, msr 3aae01381, secondary cpu clock
[    0.399437] KVM setup async PF for cpu 14
[    0.403192] kvm-stealtime: cpu 14, msr 42fbad040
[    0.407270]  #15
[    0.119809] kvm-clock: cpu 15, msr 3aae013c1, secondary cpu clock
[    0.409012] KVM setup async PF for cpu 15
[    0.411192] kvm-stealtime: cpu 15, msr 42fbed040
[    0.415389] smp: Brought up 1 node, 16 CPUs
[    0.419204] smpboot: Max logical packages: 1
[    0.422262] smpboot: Total of 16 processors activated (112127.93 BogoMIPS)
[    0.424799] devtmpfs: initialized
[    0.427282] x86/mm: Memory block size: 128MB
[    0.433171] clocksource: jiffies: mask: 0xffffffff max_cycles: 0xffffffff, max_idle_ns: 7645041785100000 ns
[    0.435247] futex hash table entries: 4096 (order: 6, 262144 bytes, linear)
[    0.438340] pinctrl core: initialized pinctrl subsystem
[    0.439429] PM: RTC time: 12:35:39, date: 2025-03-15
[    0.442108] NET: Registered protocol family 16
[    0.443363] audit: initializing netlink subsys (disabled)
[    0.445616] audit: type=2000 audit(1742042140.226:1): state=initialized audit_enabled=0 res=1
[    0.445616] EISA bus registered
[    0.448493] cpuidle: using governor ladder
[    0.450043] cpuidle: using governor menu
[    0.451498] KVM setup pv remote TLB flush
[    0.453079] ACPI: bus type PCI registered
[    0.454623] acpiphp: ACPI Hot Plug PCI Controller Driver version: 0.5
[    0.455380] PCI: Using configuration type 1 for base access
[    0.461073] HugeTLB registered 1.00 GiB page size, pre-allocated 0 pages
[    0.463200] HugeTLB registered 2.00 MiB page size, pre-allocated 0 pages
[    0.467640] ACPI: Added _OSI(Module Device)
[    0.469698] ACPI: Added _OSI(Processor Device)
[    0.471201] ACPI: Added _OSI(3.0 _SCP Extensions)
[    0.473656] ACPI: Added _OSI(Processor Aggregator Device)
[    0.475202] ACPI: Added _OSI(Linux-Dell-Video)
[    0.477569] ACPI: Added _OSI(Linux-Lenovo-NV-HDMI-Audio)
[    0.483201] ACPI: Added _OSI(Linux-HPI-Hybrid-Graphics)
[    0.488538] ACPI: 1 ACPI AML tables successfully acquired and loaded
[    0.495590] ACPI: Interpreter enabled
[    0.497675] ACPI: (supports S0 S3 S4 S5)
[    0.499201] ACPI: Using IOAPIC for interrupt routing
[    0.501822] PCI: Using host bridge windows from ACPI; if necessary, use "pci=nocrs" and report a bug
[    0.507569] ACPI: Enabled 2 GPEs in block 00 to 0F
[    0.517451] ACPI: PCI Root Bridge [PCI0] (domain 0000 [bus 00-ff])
[    0.519209] acpi PNP0A03:00: _OSC: OS supports [ASPM ClockPM Segments MSI HPX-Type3]
[    0.522371] acpi PNP0A03:00: fail to add MMCONFIG information, can't access extended PCI configuration space under this bridge.
[    0.527662] acpiphp: Slot [3] registered
[    0.529192] acpiphp: Slot [4] registered
[    0.530626] acpiphp: Slot [5] registered
[    0.531228] acpiphp: Slot [6] registered
[    0.532610] acpiphp: Slot [7] registered
[    0.533960] acpiphp: Slot [8] registered
[    0.535230] acpiphp: Slot [9] registered
[    0.536572] acpiphp: Slot [10] registered
[    0.537901] acpiphp: Slot [11] registered
[    0.539202] acpiphp: Slot [12] registered
[    0.540441] acpiphp: Slot [13] registered
[    0.541642] acpiphp: Slot [14] registered
[    0.543022] acpiphp: Slot [15] registered
[    0.543227] acpiphp: Slot [16] registered
[    0.544366] acpiphp: Slot [17] registered
[    0.545534] acpiphp: Slot [18] registered
[    0.546692] acpiphp: Slot [19] registered
[    0.547220] acpiphp: Slot [20] registered
[    0.548355] acpiphp: Slot [21] registered
[    0.549510] acpiphp: Slot [22] registered
[    0.550654] acpiphp: Slot [23] registered
[    0.551217] acpiphp: Slot [24] registered
[    0.552364] acpiphp: Slot [25] registered
[    0.553508] acpiphp: Slot [26] registered
[    0.554632] acpiphp: Slot [27] registered
[    0.555224] acpiphp: Slot [28] registered
[    0.556367] acpiphp: Slot [29] registered
[    0.557507] acpiphp: Slot [30] registered
[    0.558647] acpiphp: Slot [31] registered
[    0.559216] PCI host bridge to bus 0000:00
[    0.560349] pci_bus 0000:00: root bus resource [io  0x0000-0x0cf7 window]
[    0.562076] pci_bus 0000:00: root bus resource [io  0x0d00-0xffff window]
[    0.567197] pci_bus 0000:00: root bus resource [mem 0x000a0000-0x000bffff window]
[    0.569208] pci_bus 0000:00: root bus resource [mem 0xc0000000-0xfebfffff window]
[    0.571197] pci_bus 0000:00: root bus resource [mem 0x440000000-0x4bfffffff window]
[    0.573233] pci_bus 0000:00: root bus resource [bus 00-ff]
[    0.574745] pci 0000:00:00.0: [8086:1237] type 00 class 0x060000
[    0.576239] pci 0000:00:01.0: [8086:7000] type 00 class 0x060100
[    0.578626] pci 0000:00:01.1: [8086:7010] type 00 class 0x010180
[    0.585029] pci 0000:00:01.1: reg 0x20: [io  0xc0a0-0xc0af]
[    0.588406] pci 0000:00:01.1: legacy IDE quirk: reg 0x10: [io  0x01f0-0x01f7]
[    0.589954] pci 0000:00:01.1: legacy IDE quirk: reg 0x14: [io  0x03f6]
[    0.591196] pci 0000:00:01.1: legacy IDE quirk: reg 0x18: [io  0x0170-0x0177]
[    0.592677] pci 0000:00:01.1: legacy IDE quirk: reg 0x1c: [io  0x0376]
[    0.594203] pci 0000:00:01.3: [8086:7113] type 00 class 0x068000
[    0.595682] pci 0000:00:01.3: quirk: [io  0x0600-0x063f] claimed by PIIX4 ACPI
[    0.597224] pci 0000:00:01.3: quirk: [io  0x0700-0x070f] claimed by PIIX4 SMB
[    0.599195] pci 0000:00:02.0: [1234:1111] type 00 class 0x030000
[    0.607224] pci 0000:00:02.0: reg 0x10: [mem 0xfd000000-0xfdffffff pref]
[    0.613180] pci 0000:00:02.0: reg 0x18: [mem 0xfebd2000-0xfebd2fff]
[    0.623238] pci 0000:00:02.0: reg 0x30: [mem 0xfebc0000-0xfebcffff pref]
[    0.626114] pci 0000:00:03.0: [1d1d:1f1f] type 00 class 0x010802
[    0.633155] pci 0000:00:03.0: reg 0x10: [mem 0xfebd0000-0xfebd1fff 64bit]
[    0.639198] pci 0000:00:03.0: reg 0x20: [mem 0xfebd3000-0xfebd3fff]
[    0.644138] pci 0000:00:04.0: [1af4:1000] type 00 class 0x020000
[    0.648380] pci 0000:00:04.0: reg 0x10: [io  0xc080-0xc09f]
[    0.651198] pci 0000:00:04.0: reg 0x14: [mem 0xfebd4000-0xfebd4fff]
[    0.663198] pci 0000:00:04.0: reg 0x20: [mem 0xfe000000-0xfe003fff 64bit pref]
[    0.666774] pci 0000:00:04.0: reg 0x30: [mem 0xfeb80000-0xfebbffff pref]
[    0.668118] pci 0000:00:05.0: [1af4:1001] type 00 class 0x010000
[    0.672745] pci 0000:00:05.0: reg 0x10: [io  0xc000-0xc07f]
[    0.676710] pci 0000:00:05.0: reg 0x14: [mem 0xfebd5000-0xfebd5fff]
[    0.687198] pci 0000:00:05.0: reg 0x20: [mem 0xfe004000-0xfe007fff 64bit pref]
[    0.703256] ACPI: PCI Interrupt Link [LNKA] (IRQs 5 *10 11)
[    0.704407] ACPI: PCI Interrupt Link [LNKB] (IRQs 5 *10 11)
[    0.705541] ACPI: PCI Interrupt Link [LNKC] (IRQs 5 10 *11)
[    0.706652] ACPI: PCI Interrupt Link [LNKD] (IRQs 5 10 *11)
[    0.707263] ACPI: PCI Interrupt Link [LNKS] (IRQs *9)
[    0.708987] iommu: Default domain type: Translated 
[    0.711211] pci 0000:00:02.0: vgaarb: setting as boot VGA device
[    0.712240] pci 0000:00:02.0: vgaarb: VGA device added: decodes=io+mem,owns=io+mem,locks=none
[    0.712240] pci 0000:00:02.0: vgaarb: bridge control possible
[    0.712240] vgaarb: loaded
[    0.712974] SCSI subsystem initialized
[    0.715241] libata version 3.00 loaded.
[    0.715241] ACPI: bus type USB registered
[    0.715960] usbcore: registered new interface driver usbfs
[    0.715960] usbcore: registered new interface driver hub
[    0.716118] usbcore: registered new device driver usb
[    0.717030] pps_core: LinuxPPS API ver. 1 registered
[    0.717887] pps_core: Software ver. 5.3.6 - Copyright 2005-2007 Rodolfo Giometti <giometti@linux.it>
[    0.719197] PTP clock support registered
[    0.719899] EDAC MC: Ver: 3.0.0
[    0.723243] PCI: Using ACPI for IRQ routing
[    0.723967] PCI: pci_cache_line_size set to 64 bytes
[    0.724069] e820: reserve RAM buffer [mem 0x0009fc00-0x0009ffff]
[    0.724070] e820: reserve RAM buffer [mem 0xbffd5000-0xbfffffff]
[    0.724469] NetLabel: Initializing
[    0.725096] NetLabel:  domain hash size = 128
[    0.725096] NetLabel:  protocols = UNLABELED CIPSOv4 CALIPSO
[    0.731214] NetLabel:  unlabeled traffic allowed by default
[    0.736634] hpet0: at MMIO 0xfed00000, IRQs 2, 8, 0
[    0.737384] hpet0: 3 comparators, 64-bit 100.000000 MHz counter
[    0.743357] clocksource: Switched to clocksource kvm-clock
[    0.753208] *** VALIDATE bpf ***
[    0.753773] VFS: Disk quotas dquot_6.6.0
[    0.754387] VFS: Dquot-cache hash table entries: 512 (order 0, 4096 bytes)
[    0.755378] *** VALIDATE ramfs ***
[    0.755913] *** VALIDATE hugetlbfs ***
[    0.756559] AppArmor: AppArmor Filesystem Enabled
[    0.757270] pnp: PnP ACPI init
[    0.757804] pnp 00:00: Plug and Play ACPI device, IDs PNP0303 (active)
[    0.757816] pnp 00:01: Plug and Play ACPI device, IDs PNP0f13 (active)
[    0.757822] pnp 00:02: [dma 2]
[    0.757829] pnp 00:02: Plug and Play ACPI device, IDs PNP0700 (active)
[    0.757842] pnp 00:03: Plug and Play ACPI device, IDs PNP0400 (active)
[    0.757855] pnp 00:04: Plug and Play ACPI device, IDs PNP0501 (active)
[    0.757865] pnp 00:05: Plug and Play ACPI device, IDs PNP0b00 (active)
[    0.758027] pnp: PnP ACPI: found 6 devices
[    0.760696] thermal_sys: Registered thermal governor 'fair_share'
[    0.760697] thermal_sys: Registered thermal governor 'bang_bang'
[    0.761571] thermal_sys: Registered thermal governor 'step_wise'
[    0.762430] thermal_sys: Registered thermal governor 'user_space'
[    0.763283] thermal_sys: Registered thermal governor 'power_allocator'
[    0.768666] clocksource: acpi_pm: mask: 0xffffff max_cycles: 0xffffff, max_idle_ns: 2085701024 ns
[    0.770877] pci_bus 0000:00: resource 4 [io  0x0000-0x0cf7 window]
[    0.771760] pci_bus 0000:00: resource 5 [io  0x0d00-0xffff window]
[    0.772641] pci_bus 0000:00: resource 6 [mem 0x000a0000-0x000bffff window]
[    0.773608] pci_bus 0000:00: resource 7 [mem 0xc0000000-0xfebfffff window]
[    0.774566] pci_bus 0000:00: resource 8 [mem 0x440000000-0x4bfffffff window]
[    0.775614] NET: Registered protocol family 2
[    0.776585] IP idents hash table entries: 262144 (order: 9, 2097152 bytes, linear)
[    0.779322] tcp_listen_portaddr_hash hash table entries: 8192 (order: 5, 131072 bytes, linear)
[    0.783821] TCP established hash table entries: 131072 (order: 8, 1048576 bytes, linear)
[    0.788725] TCP bind hash table entries: 65536 (order: 8, 1048576 bytes, linear)
[    0.792815] TCP: Hash tables configured (established 131072 bind 65536)
[    0.794865] UDP hash table entries: 8192 (order: 6, 262144 bytes, linear)
[    0.796337] UDP-Lite hash table entries: 8192 (order: 6, 262144 bytes, linear)
[    0.798054] NET: Registered protocol family 1
[    0.799072] NET: Registered protocol family 44
[    0.800113] pci 0000:00:01.0: PIIX3: Enabling Passive Release
[    0.801353] pci 0000:00:00.0: Limiting direct PCI/PCI transfers
[    0.802463] pci 0000:00:01.0: Activating ISA DMA hang workarounds
[    0.803459] pci 0000:00:02.0: Video device with shadowed ROM at [mem 0x000c0000-0x000dffff]
[    0.804794] PCI: CLS 0 bytes, default 64
[    0.805510] Trying to unpack rootfs image as initramfs...
[    0.953185] Freeing initrd memory: 88260K
[    0.953967] PCI-DMA: Using software bounce buffering for IO (SWIOTLB)
[    0.954910] software IO TLB: mapped [mem 0xbbfd5000-0xbffd5000] (64MB)
[    0.955896] clocksource: tsc: mask: 0xffffffffffffffff max_cycles: 0x328211acd6a, max_idle_ns: 440795259903 ns
[    0.957381] check: Scanning for low memory corruption every 60 seconds
[    0.958952] Initialise system trusted keyrings
[    0.959679] Key type blacklist registered
[    0.960415] workingset: timestamp_bits=36 max_order=22 bucket_order=0
[    0.962083] zbud: loaded
[    0.962734] squashfs: version 4.0 (2009/01/31) Phillip Lougher
[    0.963869] fuse: init (API version 7.31)
[    0.964497] *** VALIDATE fuse ***
[    0.965021] *** VALIDATE fuse ***
[    0.966004] Platform Keyring initialized
[    0.968534] Key type asymmetric registered
[    0.969166] Asymmetric key parser 'x509' registered
[    0.969887] Block layer SCSI generic (bsg) driver version 0.4 loaded (major 244)
[    0.971110] io scheduler mq-deadline registered
[    0.972625] shpchp: Standard Hot Plug PCI Controller Driver version: 0.4
[    0.973614] intel_idle: Please enable MWAIT in BIOS SETUP
[    0.973688] input: Power Button as /devices/LNXSYSTM:00/LNXPWRBN:00/input/input0
[    0.974800] ACPI: Power Button [PWRF]
[    0.993242] PCI Interrupt Link [LNKD] enabled at IRQ 11
[    1.012463] PCI Interrupt Link [LNKA] enabled at IRQ 10
[    1.014648] Serial: 8250/16550 driver, 32 ports, IRQ sharing enabled
[    1.038158] 00:04: ttyS0 at I/O 0x3f8 (irq = 4, base_baud = 115200) is a 16550A
[    1.040824] Linux agpgart interface v0.103
[    1.171350] loop: module loaded
[    1.173826] ata_piix 0000:00:01.1: version 2.13
[    1.176617] scsi host0: ata_piix
[    1.179137] scsi host1: ata_piix
[    1.181055] ata1: PATA max MWDMA2 cmd 0x1f0 ctl 0x3f6 bmdma 0xc0a0 irq 14
[    1.184739] ata2: PATA max MWDMA2 cmd 0x170 ctl 0x376 bmdma 0xc0a8 irq 15
[    1.188593] libphy: Fixed MDIO Bus: probed
[    1.191326] tun: Universal TUN/TAP device driver, 1.6
[    1.194077] PPP generic driver version 2.4.2
[    1.196727] VFIO - User Level meta-driver version: 0.3
[    1.199862] ehci_hcd: USB 2.0 'Enhanced' Host Controller (EHCI) Driver
[    1.203157] ehci-pci: EHCI PCI platform driver
[    1.205544] ehci-platform: EHCI generic platform driver
[    1.208260] ohci_hcd: USB 1.1 'Open' Host Controller (OHCI) Driver
[    1.211390] ohci-pci: OHCI PCI platform driver
[    1.213763] ohci-platform: OHCI generic platform driver
[    1.216420] uhci_hcd: USB Universal Host Controller Interface driver
[    1.219493] i8042: PNP: PS/2 Controller [PNP0303:KBD,PNP0f13:MOU] at 0x60,0x64 irq 1,12
[    1.224506] serio: i8042 KBD port at 0x60,0x64 irq 1
[    1.226617] serio: i8042 AUX port at 0x60,0x64 irq 12
[    1.228978] mousedev: PS/2 mouse device common for all mice
[    1.231707] rtc_cmos 00:05: RTC can wake from S4
[    1.234873] input: AT Translated Set 2 keyboard as /devices/platform/i8042/serio0/input/input1
[    1.235613] rtc_cmos 00:05: registered as rtc0
[    1.241711] rtc_cmos 00:05: alarms up to one day, y3k, 242 bytes nvram, hpet irqs
[    1.245027] i2c /dev entries driver
[    1.246687] device-mapper: uevent: version 1.0.3
[    1.248773] device-mapper: ioctl: 4.41.0-ioctl (2019-09-16) initialised: dm-devel@redhat.com
[    1.252291] platform eisa.0: Probing EISA bus 0
[    1.254614] platform eisa.0: EISA: Cannot allocate resource for mainboard
[    1.258031] platform eisa.0: Cannot allocate resource for EISA slot 1
[    1.261298] platform eisa.0: Cannot allocate resource for EISA slot 2
[    1.264505] platform eisa.0: Cannot allocate resource for EISA slot 3
[    1.267851] platform eisa.0: Cannot allocate resource for EISA slot 4
[    1.271113] platform eisa.0: Cannot allocate resource for EISA slot 5
[    1.274370] platform eisa.0: Cannot allocate resource for EISA slot 6
[    1.277597] platform eisa.0: Cannot allocate resource for EISA slot 7
[    1.280832] platform eisa.0: Cannot allocate resource for EISA slot 8
[    1.284095] platform eisa.0: EISA: Detected 0 cards
[    1.286640] intel_pstate: CPU model not supported
[    1.290501] ledtrig-cpu: registered to indicate activity on CPUs
[    1.293711] drop_monitor: Initializing network drop monitor service
[    1.297275] NET: Registered protocol family 10
[    1.314282] Segment Routing with IPv6
[    1.316410] NET: Registered protocol family 17
[    1.319152] Key type dns_resolver registered
[    1.325414] RAS: Correctable Errors collector initialized.
[    1.328298] IPI shorthand broadcast: enabled
[    1.330564] sched_clock: Marking stable (1212455499, 115809987)->(1351418323, -23152837)
[    1.335406] registered taskstats version 1
[    1.337845] Loading compiled-in X.509 certificates
[    1.342641] Loaded X.509 cert 'Build time autogenerated kernel key: b586d14f57ceec0a91136653033d8360ac45d0b0'
[    1.348134] zswap: loaded using pool lzo/zbud
[    1.349481] ata2.01: NODEV after polling detection
[    1.351723] ata2.00: ATAPI: QEMU DVD-ROM, 2.5+, max UDMA/100
[    1.351874] Key type ._fscrypt registered
[    1.357699] Key type .fscrypt registered
[    1.359452] scsi 1:0:0:0: CD-ROM            QEMU     QEMU DVD-ROM     2.5+ PQ: 0 ANSI: 5
[    1.373536] Key type big_key registered
[    1.382446] Key type encrypted registered
[    1.384735] AppArmor: AppArmor sha1 policy hashing enabled
[    1.387628] ima: No TPM chip found, activating TPM-bypass!
[    1.390503] ima: Allocated hash algorithm: sha1
[    1.392938] ima: No architecture policies found
[    1.395372] evm: Initialising EVM extended attributes:
[    1.398060] evm: security.selinux
[    1.399941] evm: security.SMACK64
[    1.401788] evm: security.SMACK64EXEC
[    1.404194] evm: security.SMACK64TRANSMUTE
[    1.406279] evm: security.SMACK64MMAP
[    1.408241] evm: security.apparmor
[    1.410025] evm: security.ima
[    1.411563] evm: security.capability
[    1.413324] evm: HMAC attrs: 0x1
[    1.416235] PM:   Magic number: 1:410:582
[    1.418409] rtc_cmos 00:05: setting system clock to 2025-03-15T12:35:40 UTC (1742042140)
[    1.424780] sr 1:0:0:0: [sr0] scsi3-mmc drive: 4x/4x cd/rw xa/form2 tray
[    1.428348] cdrom: Uniform CD-ROM driver Revision: 3.20
[    1.451424] sr 1:0:0:0: Attached scsi CD-ROM sr0
[    1.451724] sr 1:0:0:0: Attached scsi generic sg0 type 5
[    1.457320] Freeing unused decrypted memory: 2040K
[    1.461364] Freeing unused kernel image memory: 2704K
[    1.475451] Write protecting the kernel read-only data: 26624k
[    1.482243] Freeing unused kernel image memory: 2008K
[    1.485614] Freeing unused kernel image memory: 912K
[    1.506149] x86/mm: Checked W+X mappings: passed, no W+X pages found.
[    1.508677] Run /init as init process
[    1.627989] piix4_smbus 0000:00:01.3: SMBus Host Controller at 0x700, revision 0
[    1.629258] Floppy drive(s): fd0 is 2.88M AMI BIOS
[    1.638836] input: VirtualPS/2 VMware VMMouse as /devices/platform/i8042/serio1/input/input4
[    1.647798] cryptd: max_cpu_qlen set to 1000
[    1.648763] input: VirtualPS/2 VMware VMMouse as /devices/platform/i8042/serio1/input/input3
[    1.654147] FDC 0 is a S82078B
[    1.660396] nvme nvme0: pci function 0000:00:03.0
[    1.678615] AVX2 version of gcm_enc/dec engaged.
[    1.678900] virtio_blk virtio1: [vda] 167772160 512-byte logical blocks (85.9 GB/80.0 GiB)
[    1.680678] AES CTR mode by8 optimization enabled
[    1.712864] PCI Interrupt Link [LNKC] enabled at IRQ 11
[    1.720730]  vda: vda1 vda2
[    1.722549] nvme nvme0: 8/0/0 default/read/poll queues
[    1.723605] virtio_net virtio0 ens4: renamed from eth0
[    1.732501] bochs-drm 0000:00:02.0: remove_conflicting_pci_framebuffers: bar 0: 0xfd000000 -> 0xfdffffff
[    1.734842] bochs-drm 0000:00:02.0: remove_conflicting_pci_framebuffers: bar 2: 0xfebd2000 -> 0xfebd2fff
[    1.737025] bochs-drm 0000:00:02.0: vgaarb: deactivate vga console
[    1.748834] Console: switching to colour dummy device 80x25
[    1.749733] [drm] Found bochs VGA, ID 0xb0c5.
[    1.750331] [drm] Framebuffer size 16384 kB @ 0xfd000000, mmio @ 0xfebd2000.
[    1.751442] [TTM] Zone  kernel: Available graphics memory: 8195480 KiB
[    1.752315] [TTM] Zone   dma32: Available graphics memory: 2097152 KiB
[    1.753174] [TTM] Initializing pool allocator
[    1.753758] [TTM] Initializing DMA pool allocator
[    1.755426] [drm] Found EDID data blob.
[    1.756064] [drm] Initialized bochs-drm 1.0.0 20130925 for 0000:00:02.0 on minor 0
[    1.758382] fbcon: bochs-drmdrmfb (fb0) is primary device
[    1.762774] Console: switching to colour frame buffer device 160x50
[    1.766416] bochs-drm 0000:00:02.0: fb0: bochs-drmdrmfb frame buffer device
[    2.075307] raid6: avx512x4 gen() 22486 MB/s
[    2.143305] raid6: avx512x4 xor() 22081 MB/s
[    2.211231] raid6: avx512x2 gen() 45891 MB/s
[    2.279278] raid6: avx512x2 xor() 26116 MB/s
[    2.347232] raid6: avx512x1 gen() 37250 MB/s
[    2.415201] raid6: avx512x1 xor() 20793 MB/s
[    2.483201] raid6: avx2x4   gen() 37860 MB/s
[    2.551282] raid6: avx2x4   xor() 22903 MB/s
[    2.619282] raid6: avx2x2   gen() 33376 MB/s
[    2.687283] raid6: avx2x2   xor() 21194 MB/s
[    2.755303] raid6: avx2x1   gen() 26774 MB/s
[    2.823276] raid6: avx2x1   xor() 19034 MB/s
[    2.891206] raid6: sse2x4   gen() 13464 MB/s
[    2.959210] raid6: sse2x4   xor()  8001 MB/s
[    3.027218] raid6: sse2x2   gen() 12669 MB/s
[    3.095203] raid6: sse2x2   xor()  7960 MB/s
[    3.163209] raid6: sse2x1   gen() 11268 MB/s
[    3.231207] raid6: sse2x1   xor()  6392 MB/s
[    3.231806] raid6: using algorithm avx512x2 gen() 45891 MB/s
[    3.232450] raid6: .... xor() 26116 MB/s, rmw enabled
[    3.233004] raid6: using avx512x2 recovery algorithm
[    3.234560] xor: automatically using best checksumming function   avx       
[    3.237606] async_tx: api initialized (async)
[    3.342698] Btrfs loaded, crc32c=crc32c-intel
[    3.539350] blk_update_request: I/O error, dev fd0, sector 0 op 0x0:(READ) flags 0x0 phys_seg 1 prio class 0
[    3.544298] floppy: error 10 while reading block 0
[    3.592848] EXT4-fs (vda2): mounted filesystem with ordered data mode. Opts: (null)
[    3.921760] systemd[1]: Inserted module 'autofs4'
[    3.943140] systemd[1]: systemd 245.4-4ubuntu3.22 running in system mode. (+PAM +AUDIT +SELINUX +IMA +APPARMOR +SMACK +SYSVINIT +UTMP +LIBCRYPTSETUP +GCRYPT +GNUTLS +ACL +XZ +LZ4 +SECCOMP +BLKID +ELFUTILS +KMOD +IDN2 -IDN +PCRE2 default-hierarchy=hybrid)
[    3.956520] systemd[1]: Detected virtualization kvm.
[    3.960459] systemd[1]: Detected architecture x86-64.
[    3.992449] systemd[1]: Set hostname to <fvm>.
[    4.107708] systemd[1]: Configuration file /run/systemd/system/netplan-ovs-cleanup.service is marked world-inaccessible. This has no effect as configuration data is accessible via APIs without restrictions. Proceeding anyway.
[    4.243550] systemd[1]: Unnecessary job for /sys/devices/virtual/misc/vmbus!hv_vss was removed.
[    4.249894] systemd[1]: Unnecessary job for /sys/devices/virtual/misc/vmbus!hv_fcopy was removed.
[    4.257266] systemd[1]: Created slice system-modprobe.slice.
[    4.263556] systemd[1]: Created slice system-serial\x2dgetty.slice.
[    4.270015] systemd[1]: Created slice User and Session Slice.
[    4.276361] systemd[1]: Started Forward Password Requests to Wall Directory Watch.
[    4.284309] systemd[1]: Set up automount Arbitrary Executable File Formats File System Automount Point.
[    4.293016] systemd[1]: Reached target User and Group Name Lookups.
[    4.299659] systemd[1]: Reached target Slices.
[    4.305215] systemd[1]: Reached target Mounting snaps.
[    4.311623] systemd[1]: Listening on Device-mapper event daemon FIFOs.
[    4.319150] systemd[1]: Listening on LVM2 poll daemon socket.
[    4.327260] systemd[1]: Listening on multipathd control socket.
[    4.332589] systemd[1]: Listening on Syslog Socket.
[    4.338091] systemd[1]: Listening on initctl Compatibility Named Pipe.
[    4.346380] systemd[1]: Listening on Journal Audit Socket.
[    4.353565] systemd[1]: Listening on Journal Socket (/dev/log).
[    4.361333] systemd[1]: Listening on Journal Socket.
[    4.368350] systemd[1]: Listening on Network Service Netlink Socket.
[    4.377694] systemd[1]: Listening on udev Control Socket.
[    4.386021] systemd[1]: Listening on udev Kernel Socket.
[    4.396228] systemd[1]: Mounting Huge Pages File System...
[    4.403993] systemd[1]: Mounting POSIX Message Queue File System...
[    4.411936] systemd[1]: Mounting Kernel Debug File System...
[    4.419623] systemd[1]: Mounting Kernel Trace File System...
[    4.428984] systemd[1]: Starting Journal Service...
[    4.437308] systemd[1]: Starting Set the console keyboard layout...
[    4.446340] systemd[1]: Starting Create list of static device nodes for the current kernel...
[    4.457035] systemd[1]: Starting Monitoring of LVM2 mirrors, snapshots etc. using dmeventd or progress polling...
[    4.468272] systemd[1]: Starting Load Kernel Module chromeos_pstore...
[    4.476477] systemd[1]: Condition check resulted in Load Kernel Module drm being skipped.
[    4.483082] systemd[1]: Starting Load Kernel Module efi_pstore...
[    4.490744] systemd[1]: Starting Load Kernel Module pstore_blk...
[    4.499090] systemd[1]: Starting Load Kernel Module pstore_zone...
[    4.508353] systemd[1]: Starting Load Kernel Module ramoops...
[    4.514992] systemd[1]: Condition check resulted in OpenVSwitch configuration for cleanup being skipped.
[    4.524839] systemd[1]: Condition check resulted in Set Up Additional Binary Formats being skipped.
[    4.541201] systemd[1]: Starting Load Kernel Modules...
[    4.549101] systemd[1]: Starting Remount Root and Kernel File Systems...
[    4.557261] systemd[1]: Starting udev Coldplug all Devices...
[    4.563016] systemd[1]: Starting Uncomplicated firewall...
[    4.566824] EXT4-fs (vda2): re-mounted. Opts: (null)
[    4.573784] systemd[1]: Started Journal Service.
[    4.641837] systemd-journald[492]: Received client request to flush runtime journal.
[    4.767257] Adding 4029436k swap on /swap.img.  Priority:-2 extents:5 across:4307964k FS
[    4.931215] parport_pc 00:03: reported by Plug and Play ACPI
[    4.931463] parport0: PC-style at 0x378, irq 7 [PCSPP,TRISTATE]
[    4.987208] RAPL PMU: API unit is 2^-32 Joules, 0 fixed counters, 10737418240 ms ovfl timer
[    5.087515] ppdev: user-space parallel port driver
[    6.333600] alua: device handler registered
[    6.336146] emc: device handler registered
[    6.338805] rdac: device handler registered
[    6.723335] audit: type=1400 audit(1742042145.804:2): apparmor="STATUS" operation="profile_load" profile="unconfined" name="lsb_release" pid=773 comm="apparmor_parser"
[    6.723678] audit: type=1400 audit(1742042145.804:3): apparmor="STATUS" operation="profile_load" profile="unconfined" name="nvidia_modprobe" pid=777 comm="apparmor_parser"
[    6.723684] audit: type=1400 audit(1742042145.804:4): apparmor="STATUS" operation="profile_load" profile="unconfined" name="nvidia_modprobe//kmod" pid=777 comm="apparmor_parser"
[    6.724637] audit: type=1400 audit(1742042145.804:5): apparmor="STATUS" operation="profile_load" profile="unconfined" name="/usr/bin/man" pid=774 comm="apparmor_parser"
[    6.724641] audit: type=1400 audit(1742042145.804:6): apparmor="STATUS" operation="profile_load" profile="unconfined" name="man_filter" pid=774 comm="apparmor_parser"
[    6.724644] audit: type=1400 audit(1742042145.804:7): apparmor="STATUS" operation="profile_load" profile="unconfined" name="man_groff" pid=774 comm="apparmor_parser"
[    6.726467] audit: type=1400 audit(1742042145.804:8): apparmor="STATUS" operation="profile_load" profile="unconfined" name="/usr/lib/snapd/snap-confine" pid=778 comm="apparmor_parser"
[    6.726471] audit: type=1400 audit(1742042145.804:9): apparmor="STATUS" operation="profile_load" profile="unconfined" name="/usr/lib/snapd/snap-confine//mount-namespace-capture-helper" pid=778 comm="apparmor_parser"
[    6.727647] audit: type=1400 audit(1742042145.808:10): apparmor="STATUS" operation="profile_load" profile="unconfined" name="/usr/sbin/tcpdump" pid=779 comm="apparmor_parser"
[    6.731728] audit: type=1400 audit(1742042145.812:11): apparmor="STATUS" operation="profile_load" profile="unconfined" name="/usr/lib/NetworkManager/nm-dhcp-client.action" pid=775 comm="apparmor_parser"
[   30.237244] EXT4-fs (nvme0n1): mounted filesystem with ordered data mode. Opts: (null)
